<html>
<body>
<pre>
<h1>µVision Build Log</h1>
<h2>Tool Versions:</h2>
IDE-Version: ¦ÌVision V5.38.0.0
Copyright (C) 2022 ARM Ltd and ARM Germany GmbH. All rights reserved.
License Information: xie ling, HP Inc., LIC=W96CK-ZLGA5-LV91I-T7RJL-NG09J-J176P
 
Tool Versions:
Toolchain:       MDK-ARM Professional  Version: 5.38.0.0
Toolchain Path:  D:\proc\Keil_v5\ARM\ARM_Compiler_5.06u7\Bin
C Compiler:      Armcc.exe V5.06 update 7 (build 960)
Assembler:       Armasm.exe V5.06 update 7 (build 960)
Linker/Locator:  ArmLink.exe V5.06 update 7 (build 960)
Library Manager: ArmAr.exe V5.06 update 7 (build 960)
Hex Converter:   FromElf.exe V5.06 update 7 (build 960)
CPU DLL:         SARMCM3.DLL V5.38.0.0
Dialog DLL:      DCM.DLL V1.17.5.0
Target DLL:      STLink\ST-LINKIII-KEIL_SWO.dll V3.1.0.0
Dialog DLL:      TCM.DLL V1.56.4.0
 
<h2>Project:</h2>
D:\work\xlproj\motormission\MDK-ARM\GD32303C_EVAL.uvprojx
Project File Date:  12/14/2024

<h2>Output:</h2>
*** Using Compiler 'V5.06 update 7 (build 960)', folder: 'D:\proc\Keil_v5\ARM\ARM_Compiler_5.06u7\Bin'
Build target 'GD32F303C_EVAL'
compiling mission_demo_action.c...
compiling main.c...
compiling switches.c...
compiling public_missions.c...
compiling public_common_motors_extern.c...
compiling all_missions.c...
compiling photosensors.c...
compiling step_motors.c...
compiling valves.c...
compiling sensor_counter_processors.c...
compiling mission_common_motor_init.c...
compiling cmd_proc_func.c...
compiling mission_common_motor_move.c...
compiling public_common_motors.c...
compiling cmd_proc_share_func.c...
compiling comm_proc.c...
compiling dc_motors.c...
compiling common_motors.c...
compiling detectors.c...
compiling timers.c...
linking...
Program Size: Code=18956 RO-data=380 RW-data=5400 ZI-data=3384  
FromELF: creating hex file...
".\output\Project.axf" - 0 Error(s), 0 Warning(s).

<h2>Software Packages used:</h2>

Package Vendor: GigaDevice
                https://gd32mcu.com/data/documents/pack/GigaDevice.GD32F30x_DFP.2.2.1.pack
                GigaDevice.GD32F30x_DFP.2.2.1
                GigaDevice GD32F30x Series Device Support and Examples

<h2>Collection of Component include folders:</h2>
  C:/Users/cat/AppData/Local/Arm/Packs/GigaDevice/GD32F30x_DFP/2.2.1/Device/Include

<h2>Collection of Component Files used:</h2>
Build Time Elapsed:  00:00:01
</pre>
</body>
</html>
