Component: ARM Compiler 5.06 update 7 (build 960) Tool: armlink [4d3601]

==============================================================================

Section Cross References

    main.o(i.fpga_init) refers to timers.o(i.delay_ms) for delay_ms
    main.o(i.fpga_init) refers to gd32f30x_gpio.o(i.gpio_init) for gpio_init
    main.o(i.fpga_init) refers to gd32f30x_gpio.o(i.gpio_bit_set) for gpio_bit_set
    main.o(i.fputc) refers to gd32f30x_usart.o(i.usart_data_transmit) for usart_data_transmit
    main.o(i.fputc) refers to gd32f30x_usart.o(i.usart_flag_get) for usart_flag_get
    main.o(i.main) refers to can_io.o(i.can_io_init) for can_io_init
    main.o(i.main) refers to public_usart_io.o(i.usart_io_init) for usart_io_init
    main.o(i.main) refers to leds.o(i.gd_eval_led_init) for gd_eval_led_init
    main.o(i.main) refers to timers.o(i.systick_config) for systick_config
    main.o(i.main) refers to lcds.o(i.exmc_lcd_init) for exmc_lcd_init
    main.o(i.main) refers to eeprom.o(i.spi_flash_init) for spi_flash_init
    main.o(i.main) refers to public_timers.o(i.TimerStart) for TimerStart
    main.o(i.main) refers to main.o(i.fpga_init) for fpga_init
    main.o(i.main) refers to public_timers.o(i.TimerTap) for TimerTap
    main.o(i.main) refers to leds.o(i.gd_eval_led_toggle) for gd_eval_led_toggle
    main.o(i.main) refers to comm_proc.o(i.CommPackProcess) for CommPackProcess
    main.o(i.main) refers to public_photosensors.o(i.ReadAllPhotoSensorStatus) for ReadAllPhotoSensorStatus
    main.o(i.main) refers to sensor_counter_processors.o(i.SensorCounterProcessorsAllTick) for SensorCounterProcessorsAllTick
    main.o(i.main) refers to public_missions.o(i.AllMissionsTick) for AllMissionsTick
    gd32f30x_it.o(i.GetCurrentSysTickCounter) refers to gd32f30x_it.o(.data) for s_systick_counter
    gd32f30x_it.o(i.SysTick_Handler) refers to gd32f30x_it.o(.data) for s_systick_counter
    gd32f30x_it.o(i.UART3_IRQHandler) refers to gd32f30x_usart.o(i.usart_interrupt_flag_get) for usart_interrupt_flag_get
    gd32f30x_it.o(i.UART3_IRQHandler) refers to gd32f30x_usart.o(i.usart_data_receive) for usart_data_receive
    gd32f30x_it.o(i.UART3_IRQHandler) refers to public_comm_buffer.o(i.CommBufferPush) for CommBufferPush
    gd32f30x_it.o(i.UART3_IRQHandler) refers to gd32f30x_usart.o(i.usart_flag_clear) for usart_flag_clear
    gd32f30x_it.o(i.UART3_IRQHandler) refers to public_comm_buffer.o(i.CommBufferPop) for CommBufferPop
    gd32f30x_it.o(i.UART3_IRQHandler) refers to gd32f30x_usart.o(i.usart_data_transmit) for usart_data_transmit
    gd32f30x_it.o(i.USBD_LP_CAN0_RX0_IRQHandler) refers to gd32f30x_can.o(i.can_interrupt_flag_get) for can_interrupt_flag_get
    gd32f30x_it.o(i.USBD_LP_CAN0_RX0_IRQHandler) refers to gd32f30x_can.o(i.can_receive_message_length_get) for can_receive_message_length_get
    gd32f30x_it.o(i.USBD_LP_CAN0_RX0_IRQHandler) refers to can_io.o(i.receive_data) for receive_data
    comm_proc.o(i.CommPackProcess) refers to memseta.o(.text) for __aeabi_memclr4
    comm_proc.o(i.CommPackProcess) refers to commpacket.o(i.FillCommPacketFromCommBuffer) for FillCommPacketFromCommBuffer
    comm_proc.o(i.CommPackProcess) refers to commpacket.o(i.GetPackFieldDst) for GetPackFieldDst
    comm_proc.o(i.CommPackProcess) refers to comm_proc.o(i.PacketProcess) for PacketProcess
    comm_proc.o(i.PacketProcess) refers to commpacket.o(i.GetPackFieldCmd) for GetPackFieldCmd
    comm_proc.o(i.PacketProcess) refers to commpacket.o(i.GetPackFieldParamsLen) for GetPackFieldParamsLen
    comm_proc.o(i.PacketProcess) refers to commpacket.o(i.GetPackFieldSrc) for GetPackFieldSrc
    comm_proc.o(i.PacketProcess) refers to commpacket.o(i.GetPackFieldDst) for GetPackFieldDst
    comm_proc.o(i.PacketProcess) refers to commpacket.o(i.GetPackFieldCtrl) for GetPackFieldCtrl
    comm_proc.o(i.PacketProcess) refers to utils.o(i.SendPacket) for SendPacket
    comm_proc.o(i.PacketProcess) refers to protocol.o(.data) for g_cfg_comm_cmd
    utils.o(i.SendErrorResponsePacket) refers to byte_sequence.o(i.ushort_to_big_endian) for ushort_to_big_endian
    utils.o(i.SendErrorResponsePacket) refers to commpacket.o(i.GetPackFieldCmd) for GetPackFieldCmd
    utils.o(i.SendErrorResponsePacket) refers to commpacket.o(i.GetPackFieldSrc) for GetPackFieldSrc
    utils.o(i.SendErrorResponsePacket) refers to commpacket.o(i.GetPackFieldDst) for GetPackFieldDst
    utils.o(i.SendErrorResponsePacket) refers to utils.o(i.SendPacket) for SendPacket
    utils.o(i.SendFrame) refers to can_io.o(i.can_io_send) for can_io_send
    utils.o(i.SendMissionTraceMsg) refers to utils.o(i.SendPacket) for SendPacket
    utils.o(i.SendPacket) refers to memseta.o(.text) for __aeabi_memclr4
    utils.o(i.SendPacket) refers to commpacket.o(i.FillCommPacket) for FillCommPacket
    utils.o(i.SendPacket) refers to utils.o(i.SendFrame) for SendFrame
    public_comm_buffer.o(i.CommBufferGetChar) refers to comm_buffer.o(.bss) for g_comm_buffers
[...]
    i.usart_io_init                          0x08004a10   Section        0  public_usart_io.o(i.usart_io_init)
    i.usart_parity_config                    0x08004ad8   Section        0  gd32f30x_usart.o(i.usart_parity_config)
    i.usart_receive_config                   0x08004ae8   Section        0  gd32f30x_usart.o(i.usart_receive_config)
    i.usart_stop_bit_set                     0x08004af8   Section        0  gd32f30x_usart.o(i.usart_stop_bit_set)
    i.usart_transmit_config                  0x08004b08   Section        0  gd32f30x_usart.o(i.usart_transmit_config)
    i.usart_word_length_set                  0x08004b18   Section        0  gd32f30x_usart.o(i.usart_word_length_set)
    i.ushort_from_big_end                    0x08004b28   Section        0  byte_sequence.o(i.ushort_from_big_end)
    i.ushort_to_big_endian                   0x08004b32   Section        0  byte_sequence.o(i.ushort_to_big_endian)
    .constdata                               0x08004b3c   Section        4  all_missions.o(.constdata)
    .constdata                               0x08004b40   Section        8  photosensors.o(.constdata)
    .constdata                               0x08004b48   Section       12  switches.o(.constdata)
    .constdata                               0x08004b54   Section       12  valves.o(.constdata)
    .constdata                               0x08004b60   Section        4  common_motors.o(.constdata)
    .constdata                               0x08004b64   Section        4  usart_io.o(.constdata)
    .data                                    0x20000000   Section        4  gd32f30x_it.o(.data)
    s_systick_counter                        0x20000000   Data           4  gd32f30x_it.o(.data)
    .data                                    0x20000004   Section      160  all_missions.o(.data)
    .data                                    0x200000a4   Section      996  mission_common_motor_init.o(.data)
    g_cfg_status_node                        0x200000a4   Data          32  mission_common_motor_init.o(.data)
    A_LEAVE                                  0x200000c4   Data          36  mission_common_motor_init.o(.data)
    A_RETURN                                 0x200000e8   Data          72  mission_common_motor_init.o(.data)
    A_COMPENSATE                             0x20000130   Data          36  mission_common_motor_init.o(.data)
    A_TIMEOUT                                0x20000154   Data          36  mission_common_motor_init.o(.data)
    A_FAIL                                   0x20000178   Data         108  mission_common_motor_init.o(.data)
    A_DONE                                   0x200001e4   Data          72  mission_common_motor_init.o(.data)
    g_cfg_mission_idincator                  0x2000022c   Data         252  mission_common_motor_init.o(.data)
    g_cfg_mission_transformer                0x20000328   Data         160  mission_common_motor_init.o(.data)
    g_cfg_mission                            0x200003c8   Data          24  mission_common_motor_init.o(.data)
    .data                                    0x20000488   Section     1028  mission_common_motor_move.o(.data)
    g_cfg_status_node                        0x20000488   Data          28  mission_common_motor_move.o(.data)
    A_TARGET                                 0x200004a4   Data          72  mission_common_motor_move.o(.data)
    A_AGAIN                                  0x200004ec   Data          36  mission_common_motor_move.o(.data)
    A_COMPENSATE                             0x20000510   Data          36  mission_common_motor_move.o(.data)
    A_QUICK_CLEAR                            0x20000534   Data          72  mission_common_motor_move.o(.data)
    A_CODED_CLEAR                            0x2000057c   Data         108  mission_common_motor_move.o(.data)
    A_CLEAR                                  0x200005e8   Data         108  mission_common_motor_move.o(.data)
    g_cfg_mission_idincator                  0x20000654   Data         216  mission_common_motor_move.o(.data)
    g_cfg_mission_transformer                0x2000072c   Data         160  mission_common_motor_move.o(.data)
    g_cfg_mission                            0x200007cc   Data          24  mission_common_motor_move.o(.data)
    .data                                    0x2000088c   Section       92  mission_demo_action.o(.data)
    g_cfg_status_node                        0x2000088c   Data           8  mission_demo_action.o(.data)
    g_cfg_mission_transformer                0x20000894   Data          20  mission_demo_action.o(.data)
    g_cfg_mission                            0x200008a8   Data          24  mission_demo_action.o(.data)
    g_mission_node_status                    0x200008c0   Data           8  mission_demo_action.o(.data)
    g_miss_inst_args                         0x200008c8   Data           4  mission_demo_action.o(.data)
    .data                                    0x200008e8   Section        2  sensor_counter_processors.o(.data)
    s_cfg_sensor_counter_processor           0x200008e8   Data           2  sensor_counter_processors.o(.data)
    .data                                    0x200008ea   Section        1  cmd_proc_share_func.o(.data)
    .data                                    0x200008ec   Section       93  leds.o(.data)
    GPIO_PORT                                0x200008ec   Data          16  leds.o(.data)
    GPIO_PIN                                 0x200008fc   Data          16  leds.o(.data)
    GPIO_CLK                                 0x2000090c   Data           8  leds.o(.data)
    KEY_PORT                                 0x20000914   Data          12  leds.o(.data)
    KEY_PIN                                  0x20000920   Data          12  leds.o(.data)
    KEY_CLK                                  0x2000092c   Data           6  leds.o(.data)
    KEY_EXTI_LINE                            0x20000934   Data          12  leds.o(.data)
    KEY_PORT_SOURCE                          0x20000940   Data           3  leds.o(.data)
    KEY_PIN_SOURCE                           0x20000943   Data           3  leds.o(.data)
    KEY_IRQn                                 0x20000946   Data           3  leds.o(.data)
    .data                                    0x2000094a   Section       72  photosensors.o(.data)
    .data                                    0x20000994   Section      240  step_motors.o(.data)
    .data                                    0x20000a84   Section       32  switches.o(.data)
    .data                                    0x20000aa4   Section       82  valves.o(.data)
    .data                                    0x20000af8   Section      276  timers.o(.data)
    .data                                    0x20000c0c   Section     1688  common_motors.o(.data)
    MOTOR_POS_ROTATE_PLATE                   0x20000c0c   Data           8  common_motors.o(.data)
    MOTOR_POS_CLEANER_SUCKER_VERT            0x20000c14   Data           8  common_motors.o(.data)
    MOTOR_POS_SUBSTRATE_VERT                 0x20000c1c   Data           8  common_motors.o(.data)
    MOTOR_POS_CLEANER_MIXER_VERT             0x20000c24   Data           8  common_motors.o(.data)
    MOTOR_POS_SUBSTRATE_PLUNGER              0x20000c2c   Data          32  common_motors.o(.data)
    s_p_ACT_STG_CLEAN_PLATE_ROTATE_INIT      0x20000f1c   Data           8  common_motors.o(.data)
    s_p_ACT_STG_CLEAN_PLATE_ROTATE_TO_X      0x20000f24   Data           8  common_motors.o(.data)
    s_p_ACT_STG_CLEANER_SUCKER_VERT_INIT     0x20000f2c   Data           8  common_motors.o(.data)
    s_p_ACT_STG_CLEANER_SUCKER_VERT_TO_X     0x20000f34   Data           8  common_motors.o(.data)
    s_p_ACT_STG_CLEANER_SUCKER_VERT_TO_0     0x20000f3c   Data           8  common_motors.o(.data)
    s_p_ACT_STG_SUBSTRATE_MIXER_VERT_INIT    0x20000f44   Data           8  common_motors.o(.data)
    s_p_ACT_STG_SUBSTRATE_MIXER_VERT_TO_X    0x20000f4c   Data           8  common_motors.o(.data)
    s_p_ACT_STG_SUBSTRATE_MIXER_VERT_TO_0    0x20000f54   Data           8  common_motors.o(.data)
    s_p_ACT_STG_SUBSTRATE_A_PLUNGER_INIT     0x20000f5c   Data           8  common_motors.o(.data)
    s_p_ACT_STG_SUBSTRATE_A_PLUNGER_TO_X     0x20000f64   Data           8  common_motors.o(.data)
    s_p_ACT_STG_SUBSTRATE_A_PLUNGER_TO_0     0x20000f6c   Data           8  common_motors.o(.data)
    s_p_ACT_STG_SUBSTRATE_B_PLUNGER_INIT     0x20000f74   Data           8  common_motors.o(.data)
    s_p_ACT_STG_SUBSTRATE_B_PLUNGER_TO_X     0x20000f7c   Data           8  common_motors.o(.data)
    s_p_ACT_STG_SUBSTRATE_B_PLUNGER_TO_0     0x20000f84   Data           8  common_motors.o(.data)
    s_p_ACT_STG_CLEANER_MIXER_VERT_INIT      0x20000f8c   Data           8  common_motors.o(.data)
    s_p_ACT_STG_CLEANER_MIXER_VERT_TO_X      0x20000f94   Data           8  common_motors.o(.data)
    s_p_ACT_STG_CLEANER_MIXER_VERT_TO_0      0x20000f9c   Data           8  common_motors.o(.data)
    .data                                    0x200012a4   Section       10  dc_motors.o(.data)
    .data                                    0x200012b0   Section      156  detectors.o(.data)
    s_plate_rotate_sensor_counter_args       0x200012b0   Data           4  detectors.o(.data)
    .data                                    0x2000134c   Section      440  protocol.o(.data)
    .data                                    0x20001504   Section       16  usart_io.o(.data)
    .data                                    0x20001514   Section        4  system_gd32f30x.o(.data)
    .bss                                     0x20001518   Section      372  mission_common_motor_init.o(.bss)
    A_NO_OP                                  0x20001518   Data          36  mission_common_motor_init.o(.bss)
    g_mission_node_status                    0x2000153c   Data         192  mission_common_motor_init.o(.bss)
    g_miss_inst_args                         0x200015fc   Data         144  mission_common_motor_init.o(.bss)
    .bss                                     0x2000168c   Section      324  mission_common_motor_move.o(.bss)
    A_NO_OP                                  0x2000168c   Data          36  mission_common_motor_move.o(.bss)
    g_mission_node_status                    0x200016b0   Data         168  mission_common_motor_move.o(.bss)
    g_miss_inst_args                         0x20001758   Data         120  mission_common_motor_move.o(.bss)
    .bss                                     0x200017d0   Section       72  mission_demo_action.o(.bss)
    A_FIGHT                                  0x200017d0   Data          36  mission_demo_action.o(.bss)
    g_cfg_mission_idincator                  0x200017f4   Data          36  mission_demo_action.o(.bss)
    .bss                                     0x20001818   Section       20  sensor_counter_processors.o(.bss)
    s_st_sensor_counter_processor            0x20001818   Data          20  sensor_counter_processors.o(.bss)
    .bss                                     0x2000182c   Section       16  photosensors.o(.bss)
    .bss                                     0x2000183c   Section      180  step_motors.o(.bss)
    .bss                                     0x200018f0   Section       13  valves.o(.bss)
    .bss                                     0x20001900   Section      368  timers.o(.bss)
    .bss                                     0x20001a70   Section      144  common_motors.o(.bss)
    .bss                                     0x20001b00   Section       40  can_io.o(.bss)
    .bss                                     0x20001b28   Section      804  comm_buffer.o(.bss)
    STACK                                    0x20001e50   Section     1024  startup_gd32f30x_hd.o(STACK)

    Global Symbols

    Symbol Name                              Value     Ov Type        Size  Object(Section)

    BuildAttributes$$THM_ISAv4$E$P$D$K$B$S$7EM$VFPi3$EXTD16$VFPS$VFMA$PE$A:L22UL41UL21$X:L11$S22US41US21$IEEE1$IW$USESV6$~STKCKD$USESV7$~SHL$OSPACE$EBA8$MICROLIB$REQ8$PRES8$EABIv2 0x00000000   Number         0  anon$$obj.o ABSOLUTE
    __ARM_use_no_argv                        0x00000000   Number         0  main.o ABSOLUTE
    __arm_fini_                               - Undefined Weak Reference
    __cpp_initialize__aeabi_                  - Undefined Weak Reference
    __cxa_finalize                            - Undefined Weak Reference
    _clock_init                               - Undefined Weak Reference
    _microlib_exit                            - Undefined Weak Reference
    __Vectors_Size                           0x00000130   Number         0  startup_gd32f30x_hd.o ABSOLUTE
    __Vectors                                0x08000000   Data           4  startup_gd32f30x_hd.o(RESET)
    __Vectors_End                            0x08000130   Data           0  startup_gd32f30x_hd.o(RESET)
    __main                                   0x08000131   Thumb Code     0  entry.o(.ARM.Collect$$$$00000000)
    _main_stk                                0x08000131   Thumb Code     0  entry2.o(.ARM.Collect$$$$00000001)
    _main_scatterload                        0x08000135   Thumb Code     0  entry5.o(.ARM.Collect$$$$00000004)
    __main_after_scatterload                 0x08000139   Thumb Code     0  entry5.o(.ARM.Collect$$$$00000004)
    _main_clock                              0x08000139   Thumb Code     0  entry7b.o(.ARM.Collect$$$$00000008)
    _main_cpp_init                           0x08000139   Thumb Code     0  entry8b.o(.ARM.Collect$$$$0000000A)
    _main_init                               0x08000139   Thumb Code     0  entry9a.o(.ARM.Collect$$$$0000000B)
    __rt_lib_shutdown_fini                   0x08000141   Thumb Code     0  entry12b.o(.ARM.Collect$$$$0000000E)
    __rt_final_cpp                           0x08000145   Thumb Code     0  entry10a.o(.ARM.Collect$$$$0000000F)
    __rt_final_exit                          0x08000145   Thumb Code     0  entry11a.o(.ARM.Collect$$$$00000011)
    Reset_Handler                            0x08000149   Thumb Code     8  startup_gd32f30x_hd.o(.text)
    ADC0_1_IRQHandler                        0x08000163   Thumb Code     0  startup_gd32f30x_hd.o(.text)
    ADC2_IRQHandler                          0x08000163   Thumb Code     0  startup_gd32f30x_hd.o(.text)
    CAN0_EWMC_IRQHandler                     0x08000163   Thumb Code     0  startup_gd32f30x_hd.o(.text)
    CAN0_RX1_IRQHandler                      0x08000163   Thumb Code     0  startup_gd32f30x_hd.o(.text)
    DMA0_Channel0_IRQHandler                 0x08000163   Thumb Code     0  startup_gd32f30x_hd.o(.text)
    DMA0_Channel1_IRQHandler                 0x08000163   Thumb Code     0  startup_gd32f30x_hd.o(.text)
    DMA0_Channel2_IRQHandler                 0x08000163   Thumb Code     0  startup_gd32f30x_hd.o(.text)
    DMA0_Channel3_IRQHandler                 0x08000163   Thumb Code     0  startup_gd32f30x_hd.o(.text)
    DMA0_Channel4_IRQHandler                 0x08000163   Thumb Code     0  startup_gd32f30x_hd.o(.text)
    DMA0_Channel5_IRQHandler                 0x08000163   Thumb Code     0  startup_gd32f30x_hd.o(.text)
    DMA0_Channel6_IRQHandler                 0x08000163   Thumb Code     0  startup_gd32f30x_hd.o(.text)
    DMA1_Channel0_IRQHandler                 0x08000163   Thumb Code     0  startup_gd32f30x_hd.o(.text)
    DMA1_Channel1_IRQHandler                 0x08000163   Thumb Code     0  startup_gd32f30x_hd.o(.text)
    DMA1_Channel2_IRQHandler                 0x08000163   Thumb Code     0  startup_gd32f30x_hd.o(.text)
    DMA1_Channel3_4_IRQHandler               0x08000163   Thumb Code     0  startup_gd32f30x_hd.o(.text)
    EXMC_IRQHandler                          0x08000163   Thumb Code     0  startup_gd32f30x_hd.o(.text)
    EXTI0_IRQHandler                         0x08000163   Thumb Code     0  startup_gd32f30x_hd.o(.text)
    EXTI10_15_IRQHandler                     0x08000163   Thumb Code     0  startup_gd32f30x_hd.o(.text)
    EXTI1_IRQHandler                         0x08000163   Thumb Code     0  startup_gd32f30x_hd.o(.text)
    EXTI2_IRQHandler                         0x08000163   Thumb Code     0  startup_gd32f30x_hd.o(.text)
    EXTI3_IRQHandler                         0x08000163   Thumb Code     0  startup_gd32f30x_hd.o(.text)
    EXTI4_IRQHandler                         0x08000163   Thumb Code     0  startup_gd32f30x_hd.o(.text)
    EXTI5_9_IRQHandler                       0x08000163   Thumb Code     0  startup_gd32f30x_hd.o(.text)
    FMC_IRQHandler                           0x08000163   Thumb Code     0  startup_gd32f30x_hd.o(.text)
    I2C0_ER_IRQHandler                       0x08000163   Thumb Code     0  startup_gd32f30x_hd.o(.text)
    I2C0_EV_IRQHandler                       0x08000163   Thumb Code     0  startup_gd32f30x_hd.o(.text)
    I2C1_ER_IRQHandler                       0x08000163   Thumb Code     0  startup_gd32f30x_hd.o(.text)
    I2C1_EV_IRQHandler                       0x08000163   Thumb Code     0  startup_gd32f30x_hd.o(.text)
    LVD_IRQHandler                           0x08000163   Thumb Code     0  startup_gd32f30x_hd.o(.text)
    RCU_CTC_IRQHandler                       0x08000163   Thumb Code     0  startup_gd32f30x_hd.o(.text)
    RTC_Alarm_IRQHandler                     0x08000163   Thumb Code     0  startup_gd32f30x_hd.o(.text)
    RTC_IRQHandler                           0x08000163   Thumb Code     0  startup_gd32f30x_hd.o(.text)
    SDIO_IRQHandler                          0x08000163   Thumb Code     0  startup_gd32f30x_hd.o(.text)
    SPI0_IRQHandler                          0x08000163   Thumb Code     0  startup_gd32f30x_hd.o(.text)
    SPI1_IRQHandler                          0x08000163   Thumb Code     0  startup_gd32f30x_hd.o(.text)
    SPI2_IRQHandler                          0x08000163   Thumb Code     0  startup_gd32f30x_hd.o(.text)
    TAMPER_IRQHandler                        0x08000163   Thumb Code     0  startup_gd32f30x_hd.o(.text)
    TIMER0_BRK_IRQHandler                    0x08000163   Thumb Code     0  startup_gd32f30x_hd.o(.text)
    TIMER0_Channel_IRQHandler                0x08000163   Thumb Code     0  startup_gd32f30x_hd.o(.text)
    TIMER0_TRG_CMT_IRQHandler                0x08000163   Thumb Code     0  startup_gd32f30x_hd.o(.text)
    TIMER0_UP_IRQHandler                     0x08000163   Thumb Code     0  startup_gd32f30x_hd.o(.text)
    TIMER1_IRQHandler                        0x08000163   Thumb Code     0  startup_gd32f30x_hd.o(.text)
    TIMER2_IRQHandler                        0x08000163   Thumb Code     0  startup_gd32f30x_hd.o(.text)
    TIMER3_IRQHandler                        0x08000163   Thumb Code     0  startup_gd32f30x_hd.o(.text)
    TIMER4_IRQHandler                        0x08000163   Thumb Code     0  startup_gd32f30x_hd.o(.text)
    TIMER5_IRQHandler                        0x08000163   Thumb Code     0  startup_gd32f30x_hd.o(.text)
    TIMER6_IRQHandler                        0x08000163   Thumb Code     0  startup_gd32f30x_hd.o(.text)
    TIMER7_BRK_IRQHandler                    0x08000163   Thumb Code     0  startup_gd32f30x_hd.o(.text)
    TIMER7_Channel_IRQHandler                0x08000163   Thumb Code     0  startup_gd32f30x_hd.o(.text)
    TIMER7_TRG_CMT_IRQHandler                0x08000163   Thumb Code     0  startup_gd32f30x_hd.o(.text)
    TIMER7_UP_IRQHandler                     0x08000163   Thumb Code     0  startup_gd32f30x_hd.o(.text)
    UART4_IRQHandler                         0x08000163   Thumb Code     0  startup_gd32f30x_hd.o(.text)
    USART0_IRQHandler                        0x08000163   Thumb Code     0  startup_gd32f30x_hd.o(.text)
    USART1_IRQHandler                        0x08000163   Thumb Code     0  startup_gd32f30x_hd.o(.text)
    USART2_IRQHandler                        0x08000163   Thumb Code     0  startup_gd32f30x_hd.o(.text)
    USBD_HP_CAN0_TX_IRQHandler               0x08000163   Thumb Code     0  startup_gd32f30x_hd.o(.text)
    USBD_WKUP_IRQHandler                     0x08000163   Thumb Code     0  startup_gd32f30x_hd.o(.text)
    WWDGT_IRQHandler                         0x08000163   Thumb Code     0  startup_gd32f30x_hd.o(.text)
    __aeabi_memcpy                           0x0800016d   Thumb Code    36  memcpya.o(.text)
    __aeabi_memcpy4                          0x0800016d   Thumb Code     0  memcpya.o(.text)
    __aeabi_memcpy8                          0x0800016d   Thumb Code     0  memcpya.o(.text)
    __aeabi_memset                           0x08000191   Thumb Code    14  memseta.o(.text)
    __aeabi_memset4                          0x08000191   Thumb Code     0  memseta.o(.text)
    __aeabi_memset8                          0x08000191   Thumb Code     0  memseta.o(.text)
    __aeabi_memclr                           0x0800019f   Thumb Code     4  memseta.o(.text)
    __aeabi_memclr4                          0x0800019f   Thumb Code     0  memseta.o(.text)
    __aeabi_memclr8                          0x0800019f   Thumb Code     0  memseta.o(.text)
    _memset$wrapper                          0x080001a3   Thumb Code    18  memseta.o(.text)
    __scatterload                            0x080001b5   Thumb Code    28  init.o(.text)
    __scatterload_rt2                        0x080001b5   Thumb Code     0  init.o(.text)
    __decompress                             0x080001d9   Thumb Code     0  __dczerorl2.o(.text)
    __decompress1                            0x080001d9   Thumb Code    86  __dczerorl2.o(.text)
    ActionBatchExecute                       0x0800022f   Thumb Code    42  public_actions.o(i.ActionBatchExecute)
    ActionExecute                            0x08000259   Thumb Code  1230  public_actions.o(i.ActionExecute)
    ActionExternExecute                      0x08000727   Thumb Code    12  public_actions_extern.o(i.ActionExternExecute)
    AllMissionsTick                          0x08000735   Thumb Code    46  public_missions.o(i.AllMissionsTick)
    BusFault_Handler                         0x0800076d   Thumb Code     4  gd32f30x_it.o(i.BusFault_Handler)
    CAN_Init                                 0x08000771   Thumb Code    24  can_io.o(i.CAN_Init)
    CalcCheckSum                             0x0800078d   Thumb Code    28  commpacket.o(i.CalcCheckSum)
    CalcTimeMS                               0x080007a9   Thumb Code     6  public_timers.o(i.CalcTimeMS)
    CmdProcAllMotorsHoldCancel               0x080007af   Thumb Code    74  cmd_proc_share_func.o(i.CmdProcAllMotorsHoldCancel)
    CmdProcAllMotorsHoldKeep                 0x080007f9   Thumb Code    74  cmd_proc_share_func.o(i.CmdProcAllMotorsHoldKeep)
    CmdProcDcMotorGetStatus                  0x08000845   Thumb Code   128  cmd_proc_share_func.o(i.CmdProcDcMotorGetStatus)
    CmdProcDcMotorStart                      0x080008cd   Thumb Code   124  cmd_proc_share_func.o(i.CmdProcDcMotorStart)
    CmdProcDcMotorStop                       0x08000949   Thumb Code    94  cmd_proc_share_func.o(i.CmdProcDcMotorStop)
    CmdProcDoAction                          0x080009a9   Thumb Code   174  cmd_proc_share_func.o(i.CmdProcDoAction)
    CmdProcExecDemo                          0x08000a5d   Thumb Code    16  cmd_proc_func.o(i.CmdProcExecDemo)
    CmdProcGetAllPhoteSensorStatus           0x08000a6d   Thumb Code    98  cmd_proc_share_func.o(i.CmdProcGetAllPhoteSensorStatus)
    CmdProcGetPhoteSensorStatus              0x08000ad9   Thumb Code   116  cmd_proc_share_func.o(i.CmdProcGetPhoteSensorStatus)
    CmdProcGetRegValue                       0x08000b4d   Thumb Code   140  cmd_proc_share_func.o(i.CmdProcGetRegValue)
    CmdProcGetValveStatus                    0x08000bd9   Thumb Code   112  cmd_proc_share_func.o(i.CmdProcGetValveStatus)
    CmdProcGetVersion                        0x08000c49   Thumb Code   100  cmd_proc_share_func.o(i.CmdProcGetVersion)
    CmdProcHeartBeat                         0x08000cb1   Thumb Code   104  cmd_proc_share_func.o(i.CmdProcHeartBeat)
    CmdProcNthMotorHoldCancel                0x08000d1d   Thumb Code    92  cmd_proc_share_func.o(i.CmdProcNthMotorHoldCancel)
    CmdProcNthMotorHoldKeep                  0x08000d79   Thumb Code    94  cmd_proc_share_func.o(i.CmdProcNthMotorHoldKeep)
    CmdProcNthMotorInit                      0x08000dd7   Thumb Code    66  cmd_proc_share_func.o(i.CmdProcNthMotorInit)
    CmdProcNthMotorMove                      0x08000e19   Thumb Code   128  cmd_proc_share_func.o(i.CmdProcNthMotorMove)
    CmdProcNthMotorMoveToPos                 0x08000e99   Thumb Code    80  cmd_proc_share_func.o(i.CmdProcNthMotorMoveToPos)
    CmdProcNthMotorMoveTypeToX               0x08000ee9   Thumb Code   110  cmd_proc_share_func.o(i.CmdProcNthMotorMoveTypeToX)
    CmdProcNthValveTurn                      0x08000f57   Thumb Code   120  cmd_proc_share_func.o(i.CmdProcNthValveTurn)
    CmdProcWriteRegValue                     0x08000fcf   Thumb Code   154  cmd_proc_share_func.o(i.CmdProcWriteRegValue)
    CommBufferGetChar                        0x08001069   Thumb Code    44  public_comm_buffer.o(i.CommBufferGetChar)
    CommBufferGetCount                       0x08001099   Thumb Code    44  public_comm_buffer.o(i.CommBufferGetCount)
    CommBufferGetLeftSize                    0x080010c9   Thumb Code    16  public_comm_buffer.o(i.CommBufferGetLeftSize)
    CommBufferInit                           0x080010d9   Thumb Code    56  public_comm_buffer.o(i.CommBufferInit)
    CommBufferIsEmpty                        0x08001115   Thumb Code    20  public_comm_buffer.o(i.CommBufferIsEmpty)
    CommBufferPop                            0x08001129   Thumb Code   130  public_comm_buffer.o(i.CommBufferPop)
    CommBufferPush                           0x080011b1   Thumb Code   160  public_comm_buffer.o(i.CommBufferPush)
    CommPackProcess                          0x08001255   Thumb Code    64  comm_proc.o(i.CommPackProcess)
    DebugMon_Handler                         0x08001295   Thumb Code     2  gd32f30x_it.o(i.DebugMon_Handler)
    DetectorExternStart                      0x08001299   Thumb Code    42  public_detectors_extern.o(i.DetectorExternStart)
    DetectorExternStop                       0x080012c9   Thumb Code    36  public_detectors_extern.o(i.DetectorExternStop)
    DetectorStart                            0x080012f1   Thumb Code    70  public_detectors.o(i.DetectorStart)
    DetectorStop                             0x0800133d   Thumb Code    64  public_detectors.o(i.DetectorStop)
    FillCommPacket                           0x08001381   Thumb Code   102  commpacket.o(i.FillCommPacket)
    FillCommPacketFromCommBuffer             0x080013e7   Thumb Code    74  commpacket.o(i.FillCommPacketFromCommBuffer)
    GetCurrentSysTickCounter                 0x08001431   Thumb Code     6  gd32f30x_it.o(i.GetCurrentSysTickCounter)
    GetPackFieldCmd                          0x0800143d   Thumb Code    14  commpacket.o(i.GetPackFieldCmd)
    GetPackFieldCtrl                         0x0800144b   Thumb Code     6  commpacket.o(i.GetPackFieldCtrl)
    GetPackFieldDst                          0x08001451   Thumb Code     6  commpacket.o(i.GetPackFieldDst)
    GetPackFieldLen                          0x08001457   Thumb Code     6  commpacket.o(i.GetPackFieldLen)
    GetPackFieldParams                       0x0800145d   Thumb Code    24  commpacket.o(i.GetPackFieldParams)
    GetPackFieldParamsLen                    0x08001475   Thumb Code    14  commpacket.o(i.GetPackFieldParamsLen)
    GetPackFieldSrc                          0x08001483   Thumb Code     6  commpacket.o(i.GetPackFieldSrc)
    GetPhotoSensorStatus                     0x08001489   Thumb Code     8  public_photosensors.o(i.GetPhotoSensorStatus)
    GetValveStatus                           0x08001495   Thumb Code     8  public_valves.o(i.GetValveStatus)
    HardFault_Handler                        0x080014a1   Thumb Code     4  gd32f30x_it.o(i.HardFault_Handler)
    IndicatorExternShow                      0x080014a5   Thumb Code    12  public_indicators_extern.o(i.IndicatorExternShow)
    IndicatorShow                            0x080014b1   Thumb Code  1158  public_indicators.o(i.IndicatorShow)
    IsDetectorExternTriggered                0x08001939   Thumb Code    36  public_detectors_extern.o(i.IsDetectorExternTriggered)
    IsDetectorTriggered                      0x08001961   Thumb Code    96  public_detectors.o(i.IsDetectorTriggered)
    IsPhotoSensorActived                     0x080019c5   Thumb Code     8  public_photosensors.o(i.IsPhotoSensorActived)
    IsSensorCounterProcessingTriggered       0x080019d1   Thumb Code    56  sensor_counter_processors.o(i.IsSensorCounterProcessingTriggered)
    IsTimeOut                                0x08001a0d   Thumb Code    30  public_timers.o(i.IsTimeOut)
    IsValidPacketFromCommBuffer              0x08001a31   Thumb Code   116  commpacket.o(i.IsValidPacketFromCommBuffer)
    MemManage_Handler                        0x08001aa5   Thumb Code     4  gd32f30x_it.o(i.MemManage_Handler)
    MissionGetFunctorArg                     0x08001aa9   Thumb Code    44  public_missions.o(i.MissionGetFunctorArg)
    MissionInstanceDone                      0x08001ad5   Thumb Code    90  public_missions.o(i.MissionInstanceDone)
    MissionInstanceIsCompleted               0x08001b35   Thumb Code    24  public_missions.o(i.MissionInstanceIsCompleted)
    MissionInstanceIsFailed                  0x08001b51   Thumb Code    36  public_missions.o(i.MissionInstanceIsFailed)
    MissionInstanceIsSucced                  0x08001b79   Thumb Code    36  public_missions.o(i.MissionInstanceIsSucced)
    MissionInstanceIsWorking                 0x08001ba1   Thumb Code    22  public_missions.o(i.MissionInstanceIsWorking)
    MissionInstanceNodeEnteredCountBig       0x08001bbd   Thumb Code    30  public_missions.o(i.MissionInstanceNodeEnteredCountBig)
    MissionInstanceNodeEnteredCountBigOrEqual 0x08001be1   Thumb Code    30  public_missions.o(i.MissionInstanceNodeEnteredCountBigOrEqual)
    MissionInstanceNodeEnteredCountEqual     0x08001c05   Thumb Code    30  public_missions.o(i.MissionInstanceNodeEnteredCountEqual)
    MissionInstanceNodeEnteredCountLittle    0x08001c29   Thumb Code    30  public_missions.o(i.MissionInstanceNodeEnteredCountLittle)
    MissionInstanceNodeEnteredCountLittleOrEqual 0x08001c4d   Thumb Code    30  public_missions.o(i.MissionInstanceNodeEnteredCountLittleOrEqual)
    MissionInstanceSetArgs1                  0x08001c71   Thumb Code    14  public_missions.o(i.MissionInstanceSetArgs1)
    MissionInstanceSetArgs2                  0x08001c85   Thumb Code    26  public_missions.o(i.MissionInstanceSetArgs2)
    MissionInstanceSetArgs3                  0x08001ca5   Thumb Code    40  public_missions.o(i.MissionInstanceSetArgs3)
    MissionInstanceSetArgs4                  0x08001cd1   Thumb Code    54  public_missions.o(i.MissionInstanceSetArgs4)
    MissionInstanceSetArgs5                  0x08001d0d   Thumb Code    68  public_missions.o(i.MissionInstanceSetArgs5)
    MissionInstanceSetArgs6                  0x08001d55   Thumb Code    80  public_missions.o(i.MissionInstanceSetArgs6)
    MissionInstanceSetPacketArgs             0x08001da9   Thumb Code    30  public_missions.o(i.MissionInstanceSetPacketArgs)
    MissionInstanceStart                     0x08001dcd   Thumb Code   108  public_missions.o(i.MissionInstanceStart)
    MissionMessageArgs1                      0x08001e3d   Thumb Code    42  public_missions.o(i.MissionMessageArgs1)
    MissionNodeEnter                         0x08001e6d   Thumb Code    42  public_missions.o(i.MissionNodeEnter)
    MissionNodeIsActived                     0x08001e97   Thumb Code    34  public_missions.o(i.MissionNodeIsActived)
    MissionNodeIsFinally                     0x08001eb9   Thumb Code    22  public_missions.o(i.MissionNodeIsFinally)
    MissionNodeLeave                         0x08001ecf   Thumb Code    10  public_missions.o(i.MissionNodeLeave)
    MissionReset                             0x08001ed9   Thumb Code    38  public_missions.o(i.MissionReset)
    MissionSetPacketArgs                     0x08001eff   Thumb Code     8  public_missions.o(i.MissionSetPacketArgs)
    MissionStart                             0x08001f07   Thumb Code    52  public_missions.o(i.MissionStart)
    MissionTick                              0x08001f3b   Thumb Code   134  public_missions.o(i.MissionTick)
    NMI_Handler                              0x08001fc1   Thumb Code     2  gd32f30x_it.o(i.NMI_Handler)
    PacketProcess                            0x08001fed   Thumb Code   166  comm_proc.o(i.PacketProcess)
    PendSV_Handler                           0x08002099   Thumb Code     2  gd32f30x_it.o(i.PendSV_Handler)
    ReadAllPhotoSensorStatus                 0x0800209d   Thumb Code    98  public_photosensors.o(i.ReadAllPhotoSensorStatus)
    SVC_Handler                              0x08002119   Thumb Code     2  gd32f30x_it.o(i.SVC_Handler)
    SendErrorResponsePacket                  0x0800211b   Thumb Code    72  utils.o(i.SendErrorResponsePacket)
    SendFrame                                0x08002163   Thumb Code    22  utils.o(i.SendFrame)
    SendMissionTraceMsg                      0x08002179   Thumb Code    48  utils.o(i.SendMissionTraceMsg)
    SendPacket                               0x080021a9   Thumb Code    62  utils.o(i.SendPacket)
    SensorCounterProcessingReset             0x080021e9   Thumb Code    58  sensor_counter_processors.o(i.SensorCounterProcessingReset)
    SensorCounterProcessingStart             0x08002229   Thumb Code    62  sensor_counter_processors.o(i.SensorCounterProcessingStart)
    SensorCounterProcessingStop              0x08002271   Thumb Code    16  sensor_counter_processors.o(i.SensorCounterProcessingStop)
    SensorCounterProcessingTick              0x08002285   Thumb Code   186  sensor_counter_processors.o(i.SensorCounterProcessingTick)
    SensorCounterProcessorsAllTick           0x08002349   Thumb Code    24  sensor_counter_processors.o(i.SensorCounterProcessorsAllTick)
    StartDcMotor                             0x08002361   Thumb Code    34  public_dc_motors.o(i.StartDcMotor)
    StartDcMotorWithSpeed                    0x0800238d   Thumb Code    36  public_dc_motors.o(i.StartDcMotorWithSpeed)
    StopDcMotor                              0x080023b9   Thumb Code    26  public_dc_motors.o(i.StopDcMotor)
    SwitchSet                                0x080023dd   Thumb Code    24  public_switches.o(i.SwitchSet)
    SwitchTurnOff                            0x080023f5   Thumb Code    84  public_switches.o(i.SwitchTurnOff)
    SwitchTurnOn                             0x0800245d   Thumb Code    86  public_switches.o(i.SwitchTurnOn)
    SysTick_Handler                          0x080024c9   Thumb Code    12  gd32f30x_it.o(i.SysTick_Handler)
    SystemInit                               0x080024d9   Thumb Code   100  system_gd32f30x.o(i.SystemInit)
    TimerElapsedMs                           0x08002549   Thumb Code    26  public_timers.o(i.TimerElapsedMs)
    TimerStart                               0x08002569   Thumb Code    46  public_timers.o(i.TimerStart)
    TimerStartCountDown                      0x0800259d   Thumb Code    26  public_timers.o(i.TimerStartCountDown)
    TimerStop                                0x080025bd   Thumb Code    20  public_timers.o(i.TimerStop)
    TimerTap                                 0x080025d5   Thumb Code    80  public_timers.o(i.TimerTap)
    TimerTick                                0x0800262d   Thumb Code   106  public_timers.o(i.TimerTick)
    Transmit_Frame                           0x080026a1   Thumb Code   124  can_io.o(i.Transmit_Frame)
    UART3_IRQHandler                         0x08002725   Thumb Code    74  gd32f30x_it.o(i.UART3_IRQHandler)
    USBD_LP_CAN0_RX0_IRQHandler              0x0800277d   Thumb Code    44  gd32f30x_it.o(i.USBD_LP_CAN0_RX0_IRQHandler)
    UsageFault_Handler                       0x080027ad   Thumb Code     4  gd32f30x_it.o(i.UsageFault_Handler)
    ValveBatchTurnOff                        0x080027b1   Thumb Code   144  public_valves.o(i.ValveBatchTurnOff)
    ValveBatchTurnOn                         0x08002859   Thumb Code   144  public_valves.o(i.ValveBatchTurnOn)
    ValveSetOnOff                            0x08002901   Thumb Code    24  public_valves.o(i.ValveSetOnOff)
    ValveTurnOff                             0x08002919   Thumb Code    96  public_valves.o(i.ValveTurnOff)
    ValveTurnOn                              0x0800298d   Thumb Code    96  public_valves.o(i.ValveTurnOn)
    WaitForReady                             0x08002a01   Thumb Code    42  public_valves.o(i.WaitForReady)
    __scatterload_copy                       0x08002a31   Thumb Code    14  handlers.o(i.__scatterload_copy)
    __scatterload_null                       0x08002a3f   Thumb Code     2  handlers.o(i.__scatterload_null)
    __scatterload_zeroinit                   0x08002a41   Thumb Code    14  handlers.o(i.__scatterload_zeroinit)
    can_deinit                               0x08002a51   Thumb Code    28  gd32f30x_can.o(i.can_deinit)
    can_error_get                            0x08002a71   Thumb Code    12  gd32f30x_can.o(i.can_error_get)
    can_filter_init                          0x08002a7d   Thumb Code   262  gd32f30x_can.o(i.can_filter_init)
    can_flag_clear                           0x08002b8d   Thumb Code    16  gd32f30x_can.o(i.can_flag_clear)
    can_flag_get                             0x08002b9d   Thumb Code    30  gd32f30x_can.o(i.can_flag_get)
    can_init                                 0x08002bbb   Thumb Code   290  gd32f30x_can.o(i.can_init)
    can_interrupt_enable                     0x08002cdd   Thumb Code     8  gd32f30x_can.o(i.can_interrupt_enable)
    can_interrupt_flag_get                   0x08002ce5   Thumb Code   108  gd32f30x_can.o(i.can_interrupt_flag_get)
    can_io_init                              0x08002d59   Thumb Code     8  can_io.o(i.can_io_init)
    can_io_send                              0x08002d61   Thumb Code    56  can_io.o(i.can_io_send)
    can_message_receive                      0x08002d99   Thumb Code   228  gd32f30x_can.o(i.can_message_receive)
    can_message_transmit                     0x08002e7d   Thumb Code   332  gd32f30x_can.o(i.can_message_transmit)
    can_networking_init                      0x08002fcd   Thumb Code   136  can_io.o(i.can_networking_init)
    can_receive_message_length_get           0x08003059   Thumb Code    26  gd32f30x_can.o(i.can_receive_message_length_get)
    can_struct_para_init                     0x08003073   Thumb Code   164  gd32f30x_can.o(i.can_struct_para_init)
    common_motor_calc_detector_param         0x08003119   Thumb Code    80  public_common_motors.o(i.common_motor_calc_detector_param)
    common_motor_compensate_tick             0x08003175   Thumb Code   288  public_common_motors.o(i.common_motor_compensate_tick)
    common_motor_extern_calc_detector_param  0x0800329d   Thumb Code   124  public_common_motors_extern.o(i.common_motor_extern_calc_detector_param)
    common_motor_extern_is_stopped           0x08003329   Thumb Code     6  public_common_motors_extern.o(i.common_motor_extern_is_stopped)
    common_motor_extern_move_by_strategy     0x0800332f   Thumb Code     6  public_common_motors_extern.o(i.common_motor_extern_move_by_strategy)
    common_motor_get_remain_step             0x08003335   Thumb Code    24  public_common_motors.o(i.common_motor_get_remain_step)
    common_motor_is_compensate_done          0x08003351   Thumb Code    48  public_common_motors.o(i.common_motor_is_compensate_done)
    common_motor_is_move_fail                0x08003385   Thumb Code    20  public_common_motors.o(i.common_motor_is_move_fail)
    common_motor_is_move_succ                0x0800339d   Thumb Code    20  public_common_motors.o(i.common_motor_is_move_succ)
    common_motor_is_stopped                  0x080033b5   Thumb Code    38  public_common_motors.o(i.common_motor_is_stopped)
    common_motor_move                        0x080033e1   Thumb Code   332  public_common_motors.o(i.common_motor_move)
    common_motor_move3                       0x0800353d   Thumb Code    50  public_common_motors.o(i.common_motor_move3)
    common_motor_move_by_strategy            0x08003571   Thumb Code   654  public_common_motors.o(i.common_motor_move_by_strategy)
    common_motor_move_finished               0x0800380d   Thumb Code    96  public_common_motors.o(i.common_motor_move_finished)
    common_motor_move_step_x                 0x08003879   Thumb Code    56  public_common_motors.o(i.common_motor_move_step_x)
    common_motor_start_compensate            0x080038bd   Thumb Code    70  public_common_motors.o(i.common_motor_start_compensate)
    common_motor_try_lock                    0x08003911   Thumb Code    24  public_common_motors.o(i.common_motor_try_lock)
    common_motor_unlock                      0x0800392d   Thumb Code    24  public_common_motors.o(i.common_motor_unlock)
    delay_ms                                 0x08003949   Thumb Code    30  timers.o(i.delay_ms)
    exmc_lcd_init                            0x08003969   Thumb Code   196  lcds.o(i.exmc_lcd_init)
    exmc_norsram_enable                      0x08003a39   Thumb Code    22  gd32f30x_exmc.o(i.exmc_norsram_enable)
    exmc_norsram_init                        0x08003a51   Thumb Code   280  gd32f30x_exmc.o(i.exmc_norsram_init)
    fpga_init                                0x08003b6d   Thumb Code    36  main.o(i.fpga_init)
    gd_eval_led_init                         0x08003b95   Thumb Code    50  leds.o(i.gd_eval_led_init)
    gd_eval_led_toggle                       0x08003bd5   Thumb Code    46  leds.o(i.gd_eval_led_toggle)
    get_circle_isometry_pos_move_dir_steps   0x08003c0d   Thumb Code   132  public_utils.o(i.get_circle_isometry_pos_move_dir_steps)
    get_circle_move_dir_steps                0x08003c91   Thumb Code    92  public_utils.o(i.get_circle_move_dir_steps)
    get_common_motor_id_from_step_motor_id   0x08003ced   Thumb Code    44  public_common_motors.o(i.get_common_motor_id_from_step_motor_id)
    get_speed_by_steps                       0x08003d21   Thumb Code    66  public_utils.o(i.get_speed_by_steps)
    get_steps_speed_by_pos                   0x08003d63   Thumb Code    82  public_utils.o(i.get_steps_speed_by_pos)
    gpio_bit_set                             0x08003db5   Thumb Code     4  gd32f30x_gpio.o(i.gpio_bit_set)
    gpio_bit_write                           0x08003db9   Thumb Code    10  gd32f30x_gpio.o(i.gpio_bit_write)
    gpio_config                              0x08003dc5   Thumb Code    48  can_io.o(i.gpio_config)
    gpio_config_init                         0x08003df9   Thumb Code    78  usart_io.o(i.gpio_config_init)
    gpio_init                                0x08003e51   Thumb Code   188  gd32f30x_gpio.o(i.gpio_init)
    gpio_input_bit_get                       0x08003f0d   Thumb Code    16  gd32f30x_gpio.o(i.gpio_input_bit_get)
    gpio_pin_remap_config                    0x08003f1d   Thumb Code   138  gd32f30x_gpio.o(i.gpio_pin_remap_config)
    main                                     0x08003fad   Thumb Code    78  main.o(i.main)
    nvic_config                              0x08003ffb   Thumb Code    14  can_io.o(i.nvic_config)
    nvic_irq_enable                          0x08004009   Thumb Code   186  gd32f30x_misc.o(i.nvic_irq_enable)
    nvic_priority_group_set                  0x080040cd   Thumb Code    10  gd32f30x_misc.o(i.nvic_priority_group_set)
    rcu_clock_freq_get                       0x080040e1   Thumb Code   310  gd32f30x_rcu.o(i.rcu_clock_freq_get)
    rcu_periph_clock_enable                  0x0800423d   Thumb Code    28  gd32f30x_rcu.o(i.rcu_periph_clock_enable)
    rcu_periph_reset_disable                 0x0800425d   Thumb Code    28  gd32f30x_rcu.o(i.rcu_periph_reset_disable)
    rcu_periph_reset_enable                  0x0800427d   Thumb Code    28  gd32f30x_rcu.o(i.rcu_periph_reset_enable)
    receive_data                             0x0800429d   Thumb Code    50  can_io.o(i.receive_data)
    spi_enable                               0x08004321   Thumb Code    10  gd32f30x_spi.o(i.spi_enable)
    spi_flash_init                           0x0800432d   Thumb Code   140  eeprom.o(i.spi_flash_init)
    spi_init                                 0x080043c9   Thumb Code    50  gd32f30x_spi.o(i.spi_init)
    step_motor_get_remain_step               0x080043fd   Thumb Code    18  public_step_motors.o(i.step_motor_get_remain_step)
    step_motor_hold_cancel                   0x08004415   Thumb Code    70  public_step_motors.o(i.step_motor_hold_cancel)
    step_motor_hold_keep                     0x08004465   Thumb Code    68  public_step_motors.o(i.step_motor_hold_keep)
    step_motor_move                          0x080044b1   Thumb Code   190  public_step_motors.o(i.step_motor_move)
    step_motor_move_keep_dir                 0x08004579   Thumb Code    60  public_step_motors.o(i.step_motor_move_keep_dir)
    step_motor_move_offset_step              0x080045bd   Thumb Code    66  public_step_motors.o(i.step_motor_move_offset_step)
    step_motor_move_reverse                  0x08004605   Thumb Code    26  public_step_motors.o(i.step_motor_move_reverse)
    step_motor_reset_offset_steps            0x08004621   Thumb Code    16  public_step_motors.o(i.step_motor_reset_offset_steps)
    step_motor_set_dir_and_speed             0x08004635   Thumb Code    66  public_step_motors.o(i.step_motor_set_dir_and_speed)
    step_motor_set_step                      0x08004685   Thumb Code    16  public_step_motors.o(i.step_motor_set_step)
    step_motor_stop                          0x08004699   Thumb Code    14  public_step_motors.o(i.step_motor_stop)
    step_motor_try_lock                      0x080046a9   Thumb Code    32  public_step_motors.o(i.step_motor_try_lock)
    step_motor_unlock                        0x080046cd   Thumb Code    14  public_step_motors.o(i.step_motor_unlock)
    systick_config                           0x080047f5   Thumb Code    74  timers.o(i.systick_config)
    usart_baudrate_set                       0x08004845   Thumb Code   136  gd32f30x_usart.o(i.usart_baudrate_set)
    usart_data_receive                       0x080048d5   Thumb Code    10  gd32f30x_usart.o(i.usart_data_receive)
    usart_data_transmit                      0x080048df   Thumb Code     8  gd32f30x_usart.o(i.usart_data_transmit)
    usart_deinit                             0x080048e9   Thumb Code   136  gd32f30x_usart.o(i.usart_deinit)
    usart_enable                             0x08004979   Thumb Code    10  gd32f30x_usart.o(i.usart_enable)
    usart_flag_clear                         0x08004983   Thumb Code    26  gd32f30x_usart.o(i.usart_flag_clear)
    usart_hardware_flow_cts_config           0x0800499d   Thumb Code    16  gd32f30x_usart.o(i.usart_hardware_flow_cts_config)
    usart_hardware_flow_rts_config           0x080049ad   Thumb Code    16  gd32f30x_usart.o(i.usart_hardware_flow_rts_config)
    usart_interrupt_enable                   0x080049bd   Thumb Code    26  gd32f30x_usart.o(i.usart_interrupt_enable)
    usart_interrupt_flag_get                 0x080049d7   Thumb Code    56  gd32f30x_usart.o(i.usart_interrupt_flag_get)
    usart_io_init                            0x08004a11   Thumb Code   190  public_usart_io.o(i.usart_io_init)
    usart_parity_config                      0x08004ad9   Thumb Code    16  gd32f30x_usart.o(i.usart_parity_config)
    usart_receive_config                     0x08004ae9   Thumb Code    16  gd32f30x_usart.o(i.usart_receive_config)
    usart_stop_bit_set                       0x08004af9   Thumb Code    16  gd32f30x_usart.o(i.usart_stop_bit_set)
    usart_transmit_config                    0x08004b09   Thumb Code    16  gd32f30x_usart.o(i.usart_transmit_config)
    usart_word_length_set                    0x08004b19   Thumb Code    16  gd32f30x_usart.o(i.usart_word_length_set)
    ushort_from_big_end                      0x08004b29   Thumb Code    10  byte_sequence.o(i.ushort_from_big_end)
    ushort_to_big_endian                     0x08004b33   Thumb Code     8  byte_sequence.o(i.ushort_to_big_endian)
    G_MISSION_NUM                            0x08004b3c   Data           4  all_missions.o(.constdata)
    G_PHOTOSENSORS_NUMBER                    0x08004b40   Data           4  photosensors.o(.constdata)
    g_uiRegNum                               0x08004b44   Data           4  photosensors.o(.constdata)
    G_SWITCHES_NUMBER                        0x08004b48   Data           4  switches.o(.constdata)
    G_REG_SWITCH_SR                          0x08004b4c   Data           2  switches.o(.constdata)
    g_uiSwitchRegNum                         0x08004b50   Data           4  switches.o(.constdata)
    G_VALVES_NUMBER                          0x08004b54   Data           4  valves.o(.constdata)
    G_REG_VALVE_SR                           0x08004b58   Data           2  valves.o(.constdata)
    g_uiValveRegNum                          0x08004b5c   Data           4  valves.o(.constdata)
    G_COMMON_MOTORS_NUMBER                   0x08004b60   Data           4  common_motors.o(.constdata)
    G_USART_PORT_NUMBER                      0x08004b64   Data           4  usart_io.o(.constdata)
    Region$$Table$$Base                      0x08004b68   Number         0  anon$$obj.o(Region$$Table)
    Region$$Table$$Limit                     0x08004b88   Number         0  anon$$obj.o(Region$$Table)
    g_cfg_mission                            0x20000004   Data         160  all_missions.o(.data)
    g_mission_inst_common_motor_init         0x200003e0   Data         168  mission_common_motor_init.o(.data)
    g_mission_inst_common_motor_move         0x200007e4   Data         168  mission_common_motor_move.o(.data)
    g_mission_inst_demo_action               0x200008cc   Data          28  mission_demo_action.o(.data)
    g_ucHeartBeatCount                       0x200008ea   Data           1  cmd_proc_share_func.o(.data)
    g_uiRegAddr                              0x2000094a   Data           4  photosensors.o(.data)
    g_uiRegValue                             0x2000094e   Data           4  photosensors.o(.data)
    g_cfg_photosensor                        0x20000952   Data          64  photosensors.o(.data)
    g_moter_speed_reg_addr                   0x20000994   Data          30  step_motors.o(.data)
    g_moter_step_reg_addr                    0x200009b2   Data          30  step_motors.o(.data)
    g_cfg_step_motor                         0x200009d0   Data         180  step_motors.o(.data)
    g_usSwitchRegCfg                         0x20000a84   Data           2  switches.o(.data)
    g_uiSwitchRegValue                       0x20000a86   Data           2  switches.o(.data)
    g_cfg_swithes                            0x20000a88   Data          24  switches.o(.data)
    g_switches_status                        0x20000aa0   Data           4  switches.o(.data)
    g_sRegCfg                                0x20000aa4   Data           2  valves.o(.data)
    g_uiValveRegValue                        0x20000aa6   Data           2  valves.o(.data)
    g_cfg_valves                             0x20000aa8   Data          78  valves.o(.data)
    g_cfg_timer                              0x20000af8   Data         276  timers.o(.data)
    g_cfg_common_motor_sub_actions_strategy  0x20000c4c   Data         720  common_motors.o(.data)
    g_cfg_common_motors                      0x20000fa4   Data         120  common_motors.o(.data)
    g_cfg_common_motor_mission               0x2000101c   Data         576  common_motors.o(.data)
    g_cfg_common_motor_mission_map           0x2000125c   Data          72  common_motors.o(.data)
    g_cfg_dc_motor                           0x200012a4   Data           8  dc_motors.o(.data)
    g_st_dc_motor                            0x200012ac   Data           2  dc_motors.o(.data)
    g_cfg_detector                           0x200012b4   Data         152  detectors.o(.data)
    g_cfg_comm_cmd                           0x2000134c   Data         440  protocol.o(.data)
    g_cfg_usart                              0x20001504   Data          16  usart_io.o(.data)
    SystemCoreClock                          0x20001514   Data           4  system_gd32f30x.o(.data)
    g_photosensor_status                     0x2000182c   Data          16  photosensors.o(.bss)
    g_moter_runtime_status                   0x2000183c   Data         180  step_motors.o(.bss)
    g_valve_status                           0x200018f0   Data          13  valves.o(.bss)
    g_st_timer                               0x20001900   Data         368  timers.o(.bss)
    g_common_motor_status                    0x20001a70   Data         144  common_motors.o(.bss)
    receive_message                          0x20001b00   Data          20  can_io.o(.bss)
    transmit_message                         0x20001b14   Data          20  can_io.o(.bss)
    g_comm_buffers                           0x20001b28   Data         804  comm_buffer.o(.bss)
    __initial_sp                             0x20002250   Data           0  startup_gd32f30x_hd.o(STACK)



==============================================================================

Memory Map of the image

  Image Entry point : 0x08000131

  Load Region LR_IROM1 (Base: 0x08000000, Size: 0x000060a0, Max: 0x00040000, ABSOLUTE, COMPRESSED[0x0000523c])

    Execution Region ER_IROM1 (Exec base: 0x08000000, Load base: 0x08000000, Size: 0x00004b88, Max: 0x00040000, ABSOLUTE)

    Exec Addr    Load Addr    Size         Type   Attr      Idx    E Section Name        Object

    0x08000000   0x08000000   0x00000130   Data   RO         6666    RESET               startup_gd32f30x_hd.o
    0x08000130   0x08000130   0x00000000   Code   RO         6671  * .ARM.Collect$$$$00000000  mc_w.l(entry.o)
    0x08000130   0x08000130   0x00000004   Code   RO         6680    .ARM.Collect$$$$00000001  mc_w.l(entry2.o)
    0x08000134   0x08000134   0x00000004   Code   RO         6683    .ARM.Collect$$$$00000004  mc_w.l(entry5.o)
    0x08000138   0x08000138   0x00000000   Code   RO         6685    .ARM.Collect$$$$00000008  mc_w.l(entry7b.o)
    0x08000138   0x08000138   0x00000000   Code   RO         6687    .ARM.Collect$$$$0000000A  mc_w.l(entry8b.o)
    0x08000138   0x08000138   0x00000008   Code   RO         6688    .ARM.Collect$$$$0000000B  mc_w.l(entry9a.o)
    0x08000140   0x08000140   0x00000004   Code   RO         6695    .ARM.Collect$$$$0000000E  mc_w.l(entry12b.o)
    0x08000144   0x08000144   0x00000000   Code   RO         6690    .ARM.Collect$$$$0000000F  mc_w.l(entry10a.o)
    0x08000144   0x08000144   0x00000000   Code   RO         6692    .ARM.Collect$$$$00000011  mc_w.l(entry11a.o)
    0x08000144   0x08000144   0x00000004   Code   RO         6681    .ARM.Collect$$$$00002712  mc_w.l(entry2.o)
    0x08000148   0x08000148   0x00000024   Code   RO         6667    .text               startup_gd32f30x_hd.o
    0x0800016c   0x0800016c   0x00000024   Code   RO         6674    .text               mc_w.l(memcpya.o)
    0x08000190   0x08000190   0x00000024   Code   RO         6676    .text               mc_w.l(memseta.o)
    0x080001b4   0x080001b4   0x00000024   Code   RO         6696    .text               mc_w.l(init.o)
    0x080001d8   0x080001d8   0x00000056   Code   RO         6706    .text               mc_w.l(__dczerorl2.o)
    0x0800022e   0x0800022e   0x0000002a   Code   RO          947    i.ActionBatchExecute  public_actions.o
    0x08000258   0x08000258   0x000004ce   Code   RO          948    i.ActionExecute     public_actions.o
    0x08000726   0x08000726   0x0000000c   Code   RO         1509    i.ActionExternExecute  public_actions_extern.o
    0x08000732   0x08000732   0x00000002   PAD
    0x08000734   0x08000734   0x00000038   Code   RO         1022    i.AllMissionsTick   public_missions.o
    0x0800076c   0x0800076c   0x00000004   Code   RO          197    i.BusFault_Handler  gd32f30x_it.o
    0x08000770   0x08000770   0x0000001c   Code   RO         2219    i.CAN_Init          can_io.o
    0x0800078c   0x0800078c   0x0000001c   Code   RO         2301    i.CalcCheckSum      commpacket.o
    0x080007a8   0x080007a8   0x00000006   Code   RO          820    i.CalcTimeMS        public_timers.o
    0x080007ae   0x080007ae   0x0000004a   Code   RO         1717    i.CmdProcAllMotorsHoldCancel  cmd_proc_share_func.o
    0x080007f8   0x080007f8   0x0000004a   Code   RO         1718    i.CmdProcAllMotorsHoldKeep  cmd_proc_share_func.o
    0x08000842   0x08000842   0x00000002   PAD
    0x08000844   0x08000844   0x00000088   Code   RO         1719    i.CmdProcDcMotorGetStatus  cmd_proc_share_func.o
    0x080008cc   0x080008cc   0x0000007c   Code   RO         1720    i.CmdProcDcMotorStart  cmd_proc_share_func.o
    0x08000948   0x08000948   0x0000005e   Code   RO         1721    i.CmdProcDcMotorStop  cmd_proc_share_func.o
    0x080009a6   0x080009a6   0x00000002   PAD
    0x080009a8   0x080009a8   0x000000b4   Code   RO         1722    i.CmdProcDoAction   cmd_proc_share_func.o
    0x08000a5c   0x08000a5c   0x00000010   Code   RO         1654    i.CmdProcExecDemo   cmd_proc_func.o
    0x08000a6c   0x08000a6c   0x0000006c   Code   RO         1723    i.CmdProcGetAllPhoteSensorStatus  cmd_proc_share_func.o
    0x08000ad8   0x08000ad8   0x00000074   Code   RO         1724    i.CmdProcGetPhoteSensorStatus  cmd_proc_share_func.o
    0x08000b4c   0x08000b4c   0x0000008c   Code   RO         1725    i.CmdProcGetRegValue  cmd_proc_share_func.o
    0x08000bd8   0x08000bd8   0x00000070   Code   RO         1726    i.CmdProcGetValveStatus  cmd_proc_share_func.o
    0x08000c48   0x08000c48   0x00000068   Code   RO         1727    i.CmdProcGetVersion  cmd_proc_share_func.o
    0x08000cb0   0x08000cb0   0x0000006c   Code   RO         1728    i.CmdProcHeartBeat  cmd_proc_share_func.o
    0x08000d1c   0x08000d1c   0x0000005c   Code   RO         1729    i.CmdProcNthMotorHoldCancel  cmd_proc_share_func.o
    0x08000d78   0x08000d78   0x0000005e   Code   RO         1730    i.CmdProcNthMotorHoldKeep  cmd_proc_share_func.o
    0x08000dd6   0x08000dd6   0x00000042   Code   RO         1731    i.CmdProcNthMotorInit  cmd_proc_share_func.o
    0x08000e18   0x08000e18   0x00000080   Code   RO         1732    i.CmdProcNthMotorMove  cmd_proc_share_func.o
    0x08000e98   0x08000e98   0x00000050   Code   RO         1733    i.CmdProcNthMotorMoveToPos  cmd_proc_share_func.o
    0x08000ee8   0x08000ee8   0x0000006e   Code   RO         1734    i.CmdProcNthMotorMoveTypeToX  cmd_proc_share_func.o
    0x08000f56   0x08000f56   0x00000078   Code   RO         1735    i.CmdProcNthValveTurn  cmd_proc_share_func.o
    0x08000fce   0x08000fce   0x0000009a   Code   RO         1736    i.CmdProcWriteRegValue  cmd_proc_share_func.o
    0x08001068   0x08001068   0x00000030   Code   RO          506    i.CommBufferGetChar  public_comm_buffer.o
    0x08001098   0x08001098   0x00000030   Code   RO          507    i.CommBufferGetCount  public_comm_buffer.o
    0x080010c8   0x080010c8   0x00000010   Code   RO          509    i.CommBufferGetLeftSize  public_comm_buffer.o
    0x080010d8   0x080010d8   0x0000003c   Code   RO          510    i.CommBufferInit    public_comm_buffer.o
    0x08001114   0x08001114   0x00000014   Code   RO          511    i.CommBufferIsEmpty  public_comm_buffer.o
    0x08001128   0x08001128   0x00000088   Code   RO          513    i.CommBufferPop     public_comm_buffer.o
    0x080011b0   0x080011b0   0x000000a4   Code   RO          514    i.CommBufferPush    public_comm_buffer.o
    0x08001254   0x08001254   0x00000040   Code   RO          392    i.CommPackProcess   comm_proc.o
    0x08001294   0x08001294   0x00000002   Code   RO          198    i.DebugMon_Handler  gd32f30x_it.o
    0x08001296   0x08001296   0x00000002   PAD
    0x08001298   0x08001298   0x00000030   Code   RO         1536    i.DetectorExternStart  public_detectors_extern.o
    0x080012c8   0x080012c8   0x00000028   Code   RO         1537    i.DetectorExternStop  public_detectors_extern.o
    0x080012f0   0x080012f0   0x0000004c   Code   RO         1434    i.DetectorStart     public_detectors.o
    0x0800133c   0x0800133c   0x00000044   Code   RO         1435    i.DetectorStop      public_detectors.o
    0x08001380   0x08001380   0x00000066   Code   RO         2303    i.FillCommPacket    commpacket.o
    0x080013e6   0x080013e6   0x0000004a   Code   RO         2304    i.FillCommPacketFromCommBuffer  commpacket.o
    0x08001430   0x08001430   0x0000000c   Code   RO          199    i.GetCurrentSysTickCounter  gd32f30x_it.o
    0x0800143c   0x0800143c   0x0000000e   Code   RO         2306    i.GetPackFieldCmd   commpacket.o
    0x0800144a   0x0800144a   0x00000006   Code   RO         2307    i.GetPackFieldCtrl  commpacket.o
    0x08001450   0x08001450   0x00000006   Code   RO         2308    i.GetPackFieldDst   commpacket.o
    0x08001456   0x08001456   0x00000006   Code   RO         2309    i.GetPackFieldLen   commpacket.o
    0x0800145c   0x0800145c   0x00000018   Code   RO         2310    i.GetPackFieldParams  commpacket.o
    0x08001474   0x08001474   0x0000000e   Code   RO         2311    i.GetPackFieldParamsLen  commpacket.o
    0x08001482   0x08001482   0x00000006   Code   RO         2312    i.GetPackFieldSrc   commpacket.o
    0x08001488   0x08001488   0x0000000c   Code   RO          576    i.GetPhotoSensorStatus  public_photosensors.o
    0x08001494   0x08001494   0x0000000c   Code   RO          745    i.GetValveStatus    public_valves.o
    0x080014a0   0x080014a0   0x00000004   Code   RO          200    i.HardFault_Handler  gd32f30x_it.o
    0x080014a4   0x080014a4   0x0000000c   Code   RO         1524    i.IndicatorExternShow  public_indicators_extern.o
    0x080014b0   0x080014b0   0x00000486   Code   RO          995    i.IndicatorShow     public_indicators.o
    0x08001936   0x08001936   0x00000002   PAD
    0x08001938   0x08001938   0x00000028   Code   RO         1538    i.IsDetectorExternTriggered  public_detectors_extern.o
    0x08001960   0x08001960   0x00000064   Code   RO         1436    i.IsDetectorTriggered  public_detectors.o
    0x080019c4   0x080019c4   0x0000000c   Code   RO          577    i.IsPhotoSensorActived  public_photosensors.o
    0x080019d0   0x080019d0   0x0000003c   Code   RO         1666    i.IsSensorCounterProcessingTriggered  sensor_counter_processors.o
    0x08001a0c   0x08001a0c   0x00000024   Code   RO          821    i.IsTimeOut         public_timers.o
    0x08001a30   0x08001a30   0x00000074   Code   RO         2314    i.IsValidPacketFromCommBuffer  commpacket.o
    0x08001aa4   0x08001aa4   0x00000004   Code   RO          201    i.MemManage_Handler  gd32f30x_it.o
    0x08001aa8   0x08001aa8   0x0000002c   Code   RO         1023    i.MissionGetFunctorArg  public_missions.o
    0x08001ad4   0x08001ad4   0x00000060   Code   RO         1024    i.MissionInstanceDone  public_missions.o
    0x08001b34   0x08001b34   0x0000001c   Code   RO         1026    i.MissionInstanceIsCompleted  public_missions.o
    0x08001b50   0x08001b50   0x00000028   Code   RO         1027    i.MissionInstanceIsFailed  public_missions.o
    0x08001b78   0x08001b78   0x00000028   Code   RO         1028    i.MissionInstanceIsSucced  public_missions.o
    0x08001ba0   0x08001ba0   0x0000001c   Code   RO         1029    i.MissionInstanceIsWorking  public_missions.o
    0x08001bbc   0x08001bbc   0x00000024   Code   RO         1030    i.MissionInstanceNodeEnteredCountBig  public_missions.o
    0x08001be0   0x08001be0   0x00000024   Code   RO         1031    i.MissionInstanceNodeEnteredCountBigOrEqual  public_missions.o
    0x08001c04   0x08001c04   0x00000024   Code   RO         1032    i.MissionInstanceNodeEnteredCountEqual  public_missions.o
    0x08001c28   0x08001c28   0x00000024   Code   RO         1033    i.MissionInstanceNodeEnteredCountLittle  public_missions.o
    0x08001c4c   0x08001c4c   0x00000024   Code   RO         1034    i.MissionInstanceNodeEnteredCountLittleOrEqual  public_missions.o
    0x08001c70   0x08001c70   0x00000014   Code   RO         1036    i.MissionInstanceSetArgs1  public_missions.o
    0x08001c84   0x08001c84   0x00000020   Code   RO         1040    i.MissionInstanceSetArgs2  public_missions.o
    0x08001ca4   0x08001ca4   0x0000002c   Code   RO         1041    i.MissionInstanceSetArgs3  public_missions.o
    0x08001cd0   0x08001cd0   0x0000003c   Code   RO         1042    i.MissionInstanceSetArgs4  public_missions.o
    0x08001d0c   0x08001d0c   0x00000048   Code   RO         1043    i.MissionInstanceSetArgs5  public_missions.o
    0x08001d54   0x08001d54   0x00000054   Code   RO         1044    i.MissionInstanceSetArgs6  public_missions.o
    0x08001da8   0x08001da8   0x00000024   Code   RO         1048    i.MissionInstanceSetPacketArgs  public_missions.o
    0x08001dcc   0x08001dcc   0x00000070   Code   RO         1049    i.MissionInstanceStart  public_missions.o
    0x08001e3c   0x08001e3c   0x00000030   Code   RO         1050    i.MissionMessageArgs1  public_missions.o
    0x08001e6c   0x08001e6c   0x0000002a   Code   RO         1051    i.MissionNodeEnter  public_missions.o
    0x08001e96   0x08001e96   0x00000022   Code   RO         1052    i.MissionNodeIsActived  public_missions.o
    0x08001eb8   0x08001eb8   0x00000016   Code   RO         1053    i.MissionNodeIsFinally  public_missions.o
    0x08001ece   0x08001ece   0x0000000a   Code   RO         1054    i.MissionNodeLeave  public_missions.o
    0x08001ed8   0x08001ed8   0x00000026   Code   RO         1055    i.MissionReset      public_missions.o
    0x08001efe   0x08001efe   0x00000008   Code   RO         1057    i.MissionSetPacketArgs  public_missions.o
    0x08001f06   0x08001f06   0x00000034   Code   RO         1058    i.MissionStart      public_missions.o
    0x08001f3a   0x08001f3a   0x00000086   Code   RO         1059    i.MissionTick       public_missions.o
    0x08001fc0   0x08001fc0   0x00000002   Code   RO          202    i.NMI_Handler       gd32f30x_it.o
    0x08001fc2   0x08001fc2   0x00000002   PAD
    0x08001fc4   0x08001fc4   0x00000028   Code   RO         2114    i.NVIC_SetPriority  timers.o
    0x08001fec   0x08001fec   0x000000ac   Code   RO          393    i.PacketProcess     comm_proc.o
    0x08002098   0x08002098   0x00000002   Code   RO          203    i.PendSV_Handler    gd32f30x_it.o
    0x0800209a   0x0800209a   0x00000002   PAD
    0x0800209c   0x0800209c   0x0000007c   Code   RO          578    i.ReadAllPhotoSensorStatus  public_photosensors.o
    0x08002118   0x08002118   0x00000002   Code   RO          204    i.SVC_Handler       gd32f30x_it.o
    0x0800211a   0x0800211a   0x00000048   Code   RO          457    i.SendErrorResponsePacket  utils.o
    0x08002162   0x08002162   0x00000016   Code   RO          458    i.SendFrame         utils.o
    0x08002178   0x08002178   0x00000030   Code   RO          459    i.SendMissionTraceMsg  utils.o
    0x080021a8   0x080021a8   0x0000003e   Code   RO          460    i.SendPacket        utils.o
    0x080021e6   0x080021e6   0x00000002   PAD
    0x080021e8   0x080021e8   0x00000040   Code   RO         1668    i.SensorCounterProcessingReset  sensor_counter_processors.o
    0x08002228   0x08002228   0x00000048   Code   RO         1669    i.SensorCounterProcessingStart  sensor_counter_processors.o
    0x08002270   0x08002270   0x00000014   Code   RO         1670    i.SensorCounterProcessingStop  sensor_counter_processors.o
    0x08002284   0x08002284   0x000000c4   Code   RO         1671    i.SensorCounterProcessingTick  sensor_counter_processors.o
    0x08002348   0x08002348   0x00000018   Code   RO         1672    i.SensorCounterProcessorsAllTick  sensor_counter_processors.o
    0x08002360   0x08002360   0x0000002c   Code   RO         1405    i.StartDcMotor      public_dc_motors.o
    0x0800238c   0x0800238c   0x0000002c   Code   RO         1406    i.StartDcMotorWithSpeed  public_dc_motors.o
    0x080023b8   0x080023b8   0x00000024   Code   RO         1407    i.StopDcMotor       public_dc_motors.o
    0x080023dc   0x080023dc   0x00000018   Code   RO          889    i.SwitchSet         public_switches.o
    0x080023f4   0x080023f4   0x00000068   Code   RO          890    i.SwitchTurnOff     public_switches.o
    0x0800245c   0x0800245c   0x0000006c   Code   RO          891    i.SwitchTurnOn      public_switches.o
    0x080024c8   0x080024c8   0x00000010   Code   RO          205    i.SysTick_Handler   gd32f30x_it.o
    0x080024d8   0x080024d8   0x00000070   Code   RO         2623    i.SystemInit        system_gd32f30x.o
    0x08002548   0x08002548   0x00000020   Code   RO          822    i.TimerElapsedMs    public_timers.o
    0x08002568   0x08002568   0x00000034   Code   RO          823    i.TimerStart        public_timers.o
    0x0800259c   0x0800259c   0x00000020   Code   RO          824    i.TimerStartCountDown  public_timers.o
    0x080025bc   0x080025bc   0x00000018   Code   RO          825    i.TimerStop         public_timers.o
    0x080025d4   0x080025d4   0x00000058   Code   RO          826    i.TimerTap          public_timers.o
    0x0800262c   0x0800262c   0x00000074   Code   RO          827    i.TimerTick         public_timers.o
    0x080026a0   0x080026a0   0x00000084   Code   RO         2220    i.Transmit_Frame    can_io.o
    0x08002724   0x08002724   0x00000058   Code   RO          206    i.UART3_IRQHandler  gd32f30x_it.o
    0x0800277c   0x0800277c   0x00000030   Code   RO          207    i.USBD_LP_CAN0_RX0_IRQHandler  gd32f30x_it.o
    0x080027ac   0x080027ac   0x00000004   Code   RO          208    i.UsageFault_Handler  gd32f30x_it.o
    0x080027b0   0x080027b0   0x000000a8   Code   RO          748    i.ValveBatchTurnOff  public_valves.o
    0x08002858   0x08002858   0x000000a8   Code   RO          749    i.ValveBatchTurnOn  public_valves.o
    0x08002900   0x08002900   0x00000018   Code   RO          750    i.ValveSetOnOff     public_valves.o
    0x08002918   0x08002918   0x00000074   Code   RO          751    i.ValveTurnOff      public_valves.o
    0x0800298c   0x0800298c   0x00000074   Code   RO          752    i.ValveTurnOn       public_valves.o
    0x08002a00   0x08002a00   0x00000030   Code   RO          753    i.WaitForReady      public_valves.o
    0x08002a30   0x08002a30   0x0000000e   Code   RO         6700    i.__scatterload_copy  mc_w.l(handlers.o)
    0x08002a3e   0x08002a3e   0x00000002   Code   RO         6701    i.__scatterload_null  mc_w.l(handlers.o)
    0x08002a40   0x08002a40   0x0000000e   Code   RO         6702    i.__scatterload_zeroinit  mc_w.l(handlers.o)
    0x08002a4e   0x08002a4e   0x00000002   PAD
    0x08002a50   0x08002a50   0x00000020   Code   RO         3103    i.can_deinit        gd32f30x_can.o
    0x08002a70   0x08002a70   0x0000000c   Code   RO         3104    i.can_error_get     gd32f30x_can.o
    0x08002a7c   0x08002a7c   0x00000110   Code   RO         3106    i.can_filter_init   gd32f30x_can.o
    0x08002b8c   0x08002b8c   0x00000010   Code   RO         3107    i.can_flag_clear    gd32f30x_can.o
    0x08002b9c   0x08002b9c   0x0000001e   Code   RO         3108    i.can_flag_get      gd32f30x_can.o
    0x08002bba   0x08002bba   0x00000122   Code   RO         3109    i.can_init          gd32f30x_can.o
    0x08002cdc   0x08002cdc   0x00000008   Code   RO         3111    i.can_interrupt_enable  gd32f30x_can.o
    0x08002ce4   0x08002ce4   0x00000074   Code   RO         3113    i.can_interrupt_flag_get  gd32f30x_can.o
    0x08002d58   0x08002d58   0x00000008   Code   RO         2221    i.can_io_init       can_io.o
    0x08002d60   0x08002d60   0x00000038   Code   RO         2222    i.can_io_send       can_io.o
    0x08002d98   0x08002d98   0x000000e4   Code   RO         3114    i.can_message_receive  gd32f30x_can.o
    0x08002e7c   0x08002e7c   0x00000150   Code   RO         3115    i.can_message_transmit  gd32f30x_can.o
    0x08002fcc   0x08002fcc   0x0000008c   Code   RO         2223    i.can_networking_init  can_io.o
    0x08003058   0x08003058   0x0000001a   Code   RO         3117    i.can_receive_message_length_get  gd32f30x_can.o
    0x08003072   0x08003072   0x000000a4   Code   RO         3118    i.can_struct_para_init  gd32f30x_can.o
    0x08003116   0x08003116   0x00000002   PAD
    0x08003118   0x08003118   0x0000005c   Code   RO         1269    i.common_motor_calc_detector_param  public_common_motors.o
    0x08003174   0x08003174   0x00000128   Code   RO         1270    i.common_motor_compensate_tick  public_common_motors.o
    0x0800329c   0x0800329c   0x0000008c   Code   RO         1561    i.common_motor_extern_calc_detector_param  public_common_motors_extern.o
    0x08003328   0x08003328   0x00000006   Code   RO         1562    i.common_motor_extern_is_stopped  public_common_motors_extern.o
    0x0800332e   0x0800332e   0x00000006   Code   RO         1563    i.common_motor_extern_move_by_strategy  public_common_motors_extern.o
    0x08003334   0x08003334   0x0000001c   Code   RO         1272    i.common_motor_get_remain_step  public_common_motors.o
    0x08003350   0x08003350   0x00000034   Code   RO         1273    i.common_motor_is_compensate_done  public_common_motors.o
    0x08003384   0x08003384   0x00000018   Code   RO         1275    i.common_motor_is_move_fail  public_common_motors.o
    0x0800339c   0x0800339c   0x00000018   Code   RO         1276    i.common_motor_is_move_succ  public_common_motors.o
    0x080033b4   0x080033b4   0x0000002c   Code   RO         1277    i.common_motor_is_stopped  public_common_motors.o
    0x080033e0   0x080033e0   0x0000015c   Code   RO         1278    i.common_motor_move  public_common_motors.o
    0x0800353c   0x0800353c   0x00000032   Code   RO         1279    i.common_motor_move3  public_common_motors.o
    0x0800356e   0x0800356e   0x00000002   PAD
    0x08003570   0x08003570   0x0000029c   Code   RO         1280    i.common_motor_move_by_strategy  public_common_motors.o
    0x0800380c   0x0800380c   0x0000006c   Code   RO         1281    i.common_motor_move_finished  public_common_motors.o
    0x08003878   0x08003878   0x00000044   Code   RO         1282    i.common_motor_move_step_x  public_common_motors.o
    0x080038bc   0x080038bc   0x00000054   Code   RO         1284    i.common_motor_start_compensate  public_common_motors.o
    0x08003910   0x08003910   0x0000001c   Code   RO         1285    i.common_motor_try_lock  public_common_motors.o
    0x0800392c   0x0800392c   0x0000001c   Code   RO         1286    i.common_motor_unlock  public_common_motors.o
    0x08003948   0x08003948   0x0000001e   Code   RO         2115    i.delay_ms          timers.o
    0x08003966   0x08003966   0x00000002   PAD
    0x08003968   0x08003968   0x000000d0   Code   RO         1852    i.exmc_lcd_init     lcds.o
    0x08003a38   0x08003a38   0x00000016   Code   RO         3923    i.exmc_norsram_enable  gd32f30x_exmc.o
    0x08003a4e   0x08003a4e   0x00000002   PAD
    0x08003a50   0x08003a50   0x0000011c   Code   RO         3924    i.exmc_norsram_init  gd32f30x_exmc.o
    0x08003b6c   0x08003b6c   0x00000028   Code   RO            3    i.fpga_init         main.o
    0x08003b94   0x08003b94   0x00000040   Code   RO         2004    i.gd_eval_led_init  leds.o
    0x08003bd4   0x08003bd4   0x00000038   Code   RO         2007    i.gd_eval_led_toggle  leds.o
    0x08003c0c   0x08003c0c   0x00000084   Code   RO         1476    i.get_circle_isometry_pos_move_dir_steps  public_utils.o
    0x08003c90   0x08003c90   0x0000005c   Code   RO         1477    i.get_circle_move_dir_steps  public_utils.o
    0x08003cec   0x08003cec   0x00000034   Code   RO         1287    i.get_common_motor_id_from_step_motor_id  public_common_motors.o
    0x08003d20   0x08003d20   0x00000042   Code   RO         1478    i.get_speed_by_steps  public_utils.o
    0x08003d62   0x08003d62   0x00000052   Code   RO         1479    i.get_steps_speed_by_pos  public_utils.o
    0x08003db4   0x08003db4   0x00000004   Code   RO         4437    i.gpio_bit_set      gd32f30x_gpio.o
    0x08003db8   0x08003db8   0x0000000a   Code   RO         4438    i.gpio_bit_write    gd32f30x_gpio.o
    0x08003dc2   0x08003dc2   0x00000002   PAD
    0x08003dc4   0x08003dc4   0x00000034   Code   RO         2224    i.gpio_config       can_io.o
    0x08003df8   0x08003df8   0x00000058   Code   RO         2518    i.gpio_config_init  usart_io.o
    0x08003e50   0x08003e50   0x000000bc   Code   RO         4446    i.gpio_init         gd32f30x_gpio.o
    0x08003f0c   0x08003f0c   0x00000010   Code   RO         4447    i.gpio_input_bit_get  gd32f30x_gpio.o
    0x08003f1c   0x08003f1c   0x00000090   Code   RO         4452    i.gpio_pin_remap_config  gd32f30x_gpio.o
    0x08003fac   0x08003fac   0x0000004e   Code   RO            5    i.main              main.o
    0x08003ffa   0x08003ffa   0x0000000e   Code   RO         2225    i.nvic_config       can_io.o
    0x08004008   0x08004008   0x000000c4   Code   RO         4770    i.nvic_irq_enable   gd32f30x_misc.o
    0x080040cc   0x080040cc   0x00000014   Code   RO         4771    i.nvic_priority_group_set  gd32f30x_misc.o
    0x080040e0   0x080040e0   0x0000015c   Code   RO         4969    i.rcu_clock_freq_get  gd32f30x_rcu.o
    0x0800423c   0x0800423c   0x00000020   Code   RO         4987    i.rcu_periph_clock_enable  gd32f30x_rcu.o
    0x0800425c   0x0800425c   0x00000020   Code   RO         4990    i.rcu_periph_reset_disable  gd32f30x_rcu.o
    0x0800427c   0x0800427c   0x00000020   Code   RO         4991    i.rcu_periph_reset_enable  gd32f30x_rcu.o
    0x0800429c   0x0800429c   0x0000003c   Code   RO         2226    i.receive_data      can_io.o
    0x080042d8   0x080042d8   0x00000028   Code   RO         2155    i.s_pf_reset_encoder  common_motors.o
    0x08004300   0x08004300   0x00000020   Code   RO         2156    i.s_pf_reset_offset  common_motors.o
    0x08004320   0x08004320   0x0000000a   Code   RO         5614    i.spi_enable        gd32f30x_spi.o
    0x0800432a   0x0800432a   0x00000002   PAD
    0x0800432c   0x0800432c   0x0000009c   Code   RO         2397    i.spi_flash_init    eeprom.o
    0x080043c8   0x080043c8   0x00000032   Code   RO         5623    i.spi_init          gd32f30x_spi.o
    0x080043fa   0x080043fa   0x00000002   PAD
    0x080043fc   0x080043fc   0x00000018   Code   RO          604    i.step_motor_get_remain_step  public_step_motors.o
    0x08004414   0x08004414   0x00000050   Code   RO          605    i.step_motor_hold_cancel  public_step_motors.o
    0x08004464   0x08004464   0x0000004c   Code   RO          606    i.step_motor_hold_keep  public_step_motors.o
    0x080044b0   0x080044b0   0x000000c8   Code   RO          609    i.step_motor_move   public_step_motors.o
    0x08004578   0x08004578   0x00000044   Code   RO          610    i.step_motor_move_keep_dir  public_step_motors.o
    0x080045bc   0x080045bc   0x00000048   Code   RO          611    i.step_motor_move_offset_step  public_step_motors.o
    0x08004604   0x08004604   0x0000001a   Code   RO          612    i.step_motor_move_reverse  public_step_motors.o
    0x0800461e   0x0800461e   0x00000002   PAD
    0x08004620   0x08004620   0x00000014   Code   RO          613    i.step_motor_reset_offset_steps  public_step_motors.o
    0x08004634   0x08004634   0x00000050   Code   RO          614    i.step_motor_set_dir_and_speed  public_step_motors.o
    0x08004684   0x08004684   0x00000014   Code   RO          615    i.step_motor_set_step  public_step_motors.o
    0x08004698   0x08004698   0x0000000e   Code   RO          616    i.step_motor_stop   public_step_motors.o
    0x080046a6   0x080046a6   0x00000002   PAD
    0x080046a8   0x080046a8   0x00000024   Code   RO          617    i.step_motor_try_lock  public_step_motors.o
    0x080046cc   0x080046cc   0x00000014   Code   RO          618    i.step_motor_unlock  public_step_motors.o
    0x080046e0   0x080046e0   0x0000010c   Code   RO         2624    i.system_clock_72m_hxtal  system_gd32f30x.o
    0x080047ec   0x080047ec   0x00000008   Code   RO         2625    i.system_clock_config  system_gd32f30x.o
    0x080047f4   0x080047f4   0x00000050   Code   RO         2116    i.systick_config    timers.o
    0x08004844   0x08004844   0x00000090   Code   RO         6294    i.usart_baudrate_set  gd32f30x_usart.o
    0x080048d4   0x080048d4   0x0000000a   Code   RO         6297    i.usart_data_receive  gd32f30x_usart.o
    0x080048de   0x080048de   0x00000008   Code   RO         6298    i.usart_data_transmit  gd32f30x_usart.o
    0x080048e6   0x080048e6   0x00000002   PAD
    0x080048e8   0x080048e8   0x00000090   Code   RO         6299    i.usart_deinit      gd32f30x_usart.o
    0x08004978   0x08004978   0x0000000a   Code   RO         6303    i.usart_enable      gd32f30x_usart.o
    0x08004982   0x08004982   0x0000001a   Code   RO         6304    i.usart_flag_clear  gd32f30x_usart.o
    0x0800499c   0x0800499c   0x00000010   Code   RO         6309    i.usart_hardware_flow_cts_config  gd32f30x_usart.o
    0x080049ac   0x080049ac   0x00000010   Code   RO         6310    i.usart_hardware_flow_rts_config  gd32f30x_usart.o
    0x080049bc   0x080049bc   0x0000001a   Code   RO         6312    i.usart_interrupt_enable  gd32f30x_usart.o
    0x080049d6   0x080049d6   0x00000038   Code   RO         6314    i.usart_interrupt_flag_get  gd32f30x_usart.o
    0x08004a0e   0x08004a0e   0x00000002   PAD
    0x08004a10   0x08004a10   0x000000c8   Code   RO          706    i.usart_io_init     public_usart_io.o
    0x08004ad8   0x08004ad8   0x00000010   Code   RO         6325    i.usart_parity_config  gd32f30x_usart.o
    0x08004ae8   0x08004ae8   0x00000010   Code   RO         6327    i.usart_receive_config  gd32f30x_usart.o
    0x08004af8   0x08004af8   0x00000010   Code   RO         6337    i.usart_stop_bit_set  gd32f30x_usart.o
    0x08004b08   0x08004b08   0x00000010   Code   RO         6341    i.usart_transmit_config  gd32f30x_usart.o
    0x08004b18   0x08004b18   0x00000010   Code   RO         6342    i.usart_word_length_set  gd32f30x_usart.o
    0x08004b28   0x08004b28   0x0000000a   Code   RO         2547    i.ushort_from_big_end  byte_sequence.o
    0x08004b32   0x08004b32   0x00000008   Code   RO         2549    i.ushort_to_big_endian  byte_sequence.o
    0x08004b3a   0x08004b3a   0x00000002   PAD
    0x08004b3c   0x08004b3c   0x00000004   Data   RO         1587    .constdata          all_missions.o
    0x08004b40   0x08004b40   0x00000008   Data   RO         2056    .constdata          photosensors.o
    0x08004b48   0x08004b48   0x0000000c   Data   RO         2082    .constdata          switches.o
    0x08004b54   0x08004b54   0x0000000c   Data   RO         2099    .constdata          valves.o
    0x08004b60   0x08004b60   0x00000004   Data   RO         2158    .constdata          common_motors.o
    0x08004b64   0x08004b64   0x00000004   Data   RO         2519    .constdata          usart_io.o
    0x08004b68   0x08004b68   0x00000020   Data   RO         6698    Region$$Table       anon$$obj.o


    Execution Region RW_IRAM1 (Exec base: 0x20000000, Load base: 0x08004b88, Size: 0x00002250, Max: 0x0000c000, ABSOLUTE, COMPRESSED[0x000006b4])

    Exec Addr    Load Addr    Size         Type   Attr      Idx    E Section Name        Object

    0x20000000   COMPRESSED   0x00000004   Data   RW          209    .data               gd32f30x_it.o
    0x20000004   COMPRESSED   0x000000a0   Data   RW         1588    .data               all_missions.o
    0x200000a4   COMPRESSED   0x000003e4   Data   RW         1604    .data               mission_common_motor_init.o
    0x20000488   COMPRESSED   0x00000404   Data   RW         1635    .data               mission_common_motor_move.o
    0x2000088c   COMPRESSED   0x0000005c   Data   RW         1645    .data               mission_demo_action.o
    0x200008e8   COMPRESSED   0x00000002   Data   RW         1674    .data               sensor_counter_processors.o
    0x200008ea   COMPRESSED   0x00000001   Data   RW         1737    .data               cmd_proc_share_func.o
    0x200008eb   COMPRESSED   0x00000001   PAD
    0x200008ec   COMPRESSED   0x0000005d   Data   RW         2008    .data               leds.o
    0x20000949   COMPRESSED   0x00000001   PAD
    0x2000094a   COMPRESSED   0x00000048   Data   RW         2057    .data               photosensors.o
    0x20000992   COMPRESSED   0x00000002   PAD
    0x20000994   COMPRESSED   0x000000f0   Data   RW         2070    .data               step_motors.o
    0x20000a84   COMPRESSED   0x00000020   Data   RW         2083    .data               switches.o
    0x20000aa4   COMPRESSED   0x00000052   Data   RW         2100    .data               valves.o
    0x20000af6   COMPRESSED   0x00000002   PAD
    0x20000af8   COMPRESSED   0x00000114   Data   RW         2119    .data               timers.o
    0x20000c0c   COMPRESSED   0x00000698   Data   RW         2159    .data               common_motors.o
    0x200012a4   COMPRESSED   0x0000000a   Data   RW         2189    .data               dc_motors.o
    0x200012ae   COMPRESSED   0x00000002   PAD
    0x200012b0   COMPRESSED   0x0000009c   Data   RW         2202    .data               detectors.o
    0x2000134c   COMPRESSED   0x000001b8   Data   RW         2498    .data               protocol.o
    0x20001504   COMPRESSED   0x00000010   Data   RW         2520    .data               usart_io.o
    0x20001514   COMPRESSED   0x00000004   Data   RW         2626    .data               system_gd32f30x.o
    0x20001518        -       0x00000174   Zero   RW         1603    .bss                mission_common_motor_init.o
    0x2000168c        -       0x00000144   Zero   RW         1634    .bss                mission_common_motor_move.o
    0x200017d0        -       0x00000048   Zero   RW         1644    .bss                mission_demo_action.o
    0x20001818        -       0x00000014   Zero   RW         1673    .bss                sensor_counter_processors.o
    0x2000182c        -       0x00000010   Zero   RW         2055    .bss                photosensors.o
    0x2000183c        -       0x000000b4   Zero   RW         2069    .bss                step_motors.o
    0x200018f0        -       0x0000000d   Zero   RW         2098    .bss                valves.o
    0x200018fd   COMPRESSED   0x00000003   PAD
    0x20001900        -       0x00000170   Zero   RW         2117    .bss                timers.o
    0x20001a70        -       0x00000090   Zero   RW         2157    .bss                common_motors.o
    0x20001b00        -       0x00000028   Zero   RW         2227    .bss                can_io.o
    0x20001b28        -       0x00000324   Zero   RW         2288    .bss                comm_buffer.o
    0x20001e4c   COMPRESSED   0x00000004   PAD
    0x20001e50        -       0x00000400   Zero   RW         6664    STACK               startup_gd32f30x_hd.o


==============================================================================

Image component sizes


      Code (inc. data)   RO Data    RW Data    ZI Data      Debug   Object Name

         0          0          4        160          0        813   all_missions.o
        18          0          0          0          0       1145   byte_sequence.o
       490         30          0          0         40       5124   can_io.o
        16          0          0          0          0        890   cmd_proc_func.o
      2214         32          0          1          0      16104   cmd_proc_share_func.o
         0          0          0          0        804        527   comm_buffer.o
       236          6          0          0          0       6150   comm_proc.o
        72         10          4       1688        144       3617   common_motors.o
       396          0          0          0          0       7337   commpacket.o
         0          0          0         10          0       1130   dc_motors.o
         0          0          0        156          0        664   detectors.o
       156         16          0          0          0        581   eeprom.o
      1530         26          0          0          0      25847   gd32f30x_can.o
       306          4          0          0          0      13474   gd32f30x_exmc.o
       362          6          0          0          0      16109   gd32f30x_gpio.o
       188         28          0          4          0      63990   gd32f30x_it.o
       216         20          0          0          0       1552   gd32f30x_misc.o
       444         50          0          0          0      20356   gd32f30x_rcu.o
        60          0          0          0          0       7844   gd32f30x_spi.o
       536         16          0          0          0      17001   gd32f30x_usart.o
       208         12          0          0          0       5052   lcds.o
       120         24          0         93          0       3768   leds.o
       118          4          0          0          0       8059   main.o
         0          0          0        996        372       1531   mission_common_motor_init.o
         0          0          0       1028        324       1535   mission_common_motor_move.o
         0          0          0         92         72       1017   mission_demo_action.o
         0          0          8         72         16       1323   photosensors.o
         0          0          0        440          0       1681   protocol.o
      1272         30          0          0          0       3841   public_actions.o
        12          0          0          0          0        610   public_actions_extern.o
       492         22          0          0          0       5382   public_comm_buffer.o
      1994        150          0          0          0      16269   public_common_motors.o
       152         16          0          0          0       2422   public_common_motors_extern.o
       124         28          0          0          0       1653   public_dc_motors.o
       244         32          0          0          0       1873   public_detectors.o
       128         14          0          0          0       1943   public_detectors_extern.o
      1158         30          0          0          0       2560   public_indicators.o
        12          0          0          0          0        650   public_indicators_extern.o
      1360        110          0          0          0      20491   public_missions.o
       148         34          0          0          0       1677   public_photosensors.o
       736         80          0          0          0       7939   public_step_motors.o
       236         42          0          0          0       1791   public_switches.o
       386         46          0          0          0       4508   public_timers.o
       200         10          0          0          0        964   public_usart_io.o
       372          0          0          0          0       3807   public_utils.o
       652         98          0          0          0       5929   public_valves.o
       436         34          0          2         20       4728   sensor_counter_processors.o
        36          8        304          0       1024        908   startup_gd32f30x_hd.o
         0          0          0        240        180       1375   step_motors.o
         0          0         12         32          0       1357   switches.o
       388         24          0          4          0       2783   system_gd32f30x.o
       150         14          0        276        368      29312   timers.o
        88         10          4         16          0       1085   usart_io.o
       204          0          0          0          0       3049   utils.o
         0          0         12         82         13       1321   valves.o

    ----------------------------------------------------------------------
     18706       1116        380       5400       3384     364448   Object Totals
         0          0         32          0          0          0   (incl. Generated)
        40          0          0          8          7          0   (incl. Padding)

    ----------------------------------------------------------------------

      Code (inc. data)   RO Data    RW Data    ZI Data      Debug   Library Member Name

        86          0          0          0          0          0   __dczerorl2.o
         0          0          0          0          0          0   entry.o
         0          0          0          0          0          0   entry10a.o
         0          0          0          0          0          0   entry11a.o
         4          0          0          0          0          0   entry12b.o
         8          4          0          0          0          0   entry2.o
         4          0          0          0          0          0   entry5.o
         0          0          0          0          0          0   entry7b.o
         0          0          0          0          0          0   entry8b.o
         8          4          0          0          0          0   entry9a.o
        30          0          0          0          0          0   handlers.o
        36          8          0          0          0         68   init.o
        36          0          0          0          0         68   memcpya.o
        36          0          0          0          0        108   memseta.o

    ----------------------------------------------------------------------
       250         16          0          0          0        244   Library Totals
         2          0          0          0          0          0   (incl. Padding)

    ----------------------------------------------------------------------

      Code (inc. data)   RO Data    RW Data    ZI Data      Debug   Library Name

       248         16          0          0          0        244   mc_w.l

    ----------------------------------------------------------------------
       250         16          0          0          0        244   Library Totals

    ----------------------------------------------------------------------

==============================================================================


      Code (inc. data)   RO Data    RW Data    ZI Data      Debug   

     18956       1132        380       5400       3384     342424   Grand Totals
     18956       1132        380       1716       3384     342424   ELF Image Totals (compressed)
     18956       1132        380       1716          0          0   ROM Totals

==============================================================================

    Total RO  Size (Code + RO Data)                19336 (  18.88kB)
    Total RW  Size (RW Data + ZI Data)              8784 (   8.58kB)
    Total ROM Size (Code + RO Data + RW Data)      21052 (  20.56kB)

==============================================================================

